--------- beginning of main
09-13 23:10:17.374   686   857 D OemPaidWifiNetworkFactory: got request NetworkRequest [ REQUEST id=170, [ Capabilities: INTERNET&NOT_RESTRICTED&TRUSTED&NOT_VCN_MANAGED&NOT_BANDWIDTH_CONSTRAINED Uid: 10202 RequestorUid: 1000 RequestorPkg: android UnderlyingNetworks: Null] ]
09-13 23:10:17.374   686   863 D ConnectivityService: NetReassign [170 : null → 101] [c 0] [a 1] [i 1]
09-13 23:10:17.374   686   857 D MultiInternetWifiNetworkFactory: got request NetworkRequest [ REQUEST id=170, [ Capabilities: INTERNET&NOT_RESTRICTED&TRUSTED&NOT_VCN_MANAGED&NOT_BANDWIDTH_CONSTRAINED Uid: 10202 RequestorUid: 1000 RequestorPkg: android UnderlyingNetworks: Null] ]
09-13 23:10:17.375  1257  4213 I NetworkScheduler.Stats: HousekeepingTask com.google.android.gms/com.google.android.gms.adsidentity.service.AdservicesStatusService finished executing. cause:0 result: 1 elapsed_millis: 69 uptime_millis: 69 exec_start_elapsed_seconds: 91 [CONTEXT service_id=218 ]
09-13 23:10:17.376  1554  1554 D BoundBrokerSvc: onUnbind: Intent { act=com.google.android.gms.adsidentity.service.AdservicesStatusService.ACTION_TASK_READY dat=chimera-action:/... xflg=0x4 cmp=com.google.android.gms/.chimera.GmsInternalBoundBrokerService }
09-13 23:10:17.380  1554  1554 D BoundBrokerSvc: onRebind: Intent { act=com.google.android.gms.semanticlocationhistory.deidentifieddata.golden.ParcelSynchronizePersonalizationJob.ACTION_TASK_READY dat=chimera-action:/... xflg=0x4 cmp=com.google.android.gms/.chimera.GmsInternalBoundBrokerService }
09-13 23:10:17.380  1257  4213 I NetworkScheduler.Stats: Task com.google.android.gms/com.google.android.gms.semanticlocationhistory.deidentifieddata.golden.ParcelSynchronizePersonalizationJob started execution. cause:5 exec_start_elapsed_seconds: 91 [CONTEXT service_id=218 ]
09-13 23:10:17.383  2789  4219 D downloader2: New request enqueued, running queue: https://www.gstatic.com/mdi-serving/rubidium-adservices-ui-ota-strings/4265/91ac5d17ab9f2445a3462f98f5249a73e9b0e235
09-13 23:10:17.384  2789  4219 D downloader2: Connectivity satisfied; running request. uri=https://www.gstatic.com/mdi-serving/rubidium-adservices-ui-ota-strings/4265/91ac5d17ab9f2445a3462f98f5249a73e9b0e235
09-13 23:10:17.385  1257  2162 I NetworkScheduler.Stats: HousekeepingTask com.google.android.gms/com.google.android.gms.semanticlocationhistory.deidentifieddata.golden.ParcelSynchronizePersonalizationJob finished executing. cause:0 result: 1 elapsed_millis: 6 uptime_millis: 6 exec_start_elapsed_seconds: 91 [CONTEXT service_id=218 ]
09-13 23:10:17.386  1554  1554 D BoundBrokerSvc: onUnbind: Intent { act=com.google.android.gms.semanticlocationhistory.deidentifieddata.golden.ParcelSynchronizePersonalizationJob.ACTION_TASK_READY dat=chimera-action:/... xflg=0x4 cmp=com.google.android.gms/.chimera.GmsInternalBoundBrokerService }
09-13 23:10:17.387  2789  4222 W MDD     : MDDManager Clearing MDD since FilesMetadata failed or needs migration.
09-13 23:10:17.387   466  4225 I resolv  : GetAddrInfoHandler::run: {101 101 101 983141 10202 0}
09-13 23:10:17.388   466  4226 I resolv  : res_nmkquery: (QUERY, IN, AAAA)
09-13 23:10:17.388   466  4227 I resolv  : res_nmkquery: (QUERY, IN, A)
09-13 23:10:17.388   466  4226 I resolv  : resolv_cache_lookup: FOUND IN CACHE entry=0x73bd3d6a1650
09-13 23:10:17.388   466  4226 I resolv  : doQuery: rcode=0, ancount=1, return value=61
09-13 23:10:17.388   466  4227 I resolv  : resolv_cache_lookup: FOUND IN CACHE entry=0x73bd3d6a0c90
09-13 23:10:17.388   466  4227 I resolv  : doQuery: rcode=0, ancount=1, return value=49
09-13 23:10:17.389  1554  1554 D BoundBrokerSvc: onBind: Intent { act=com.google.android.gms.thunderbird.ThunderbirdSchedulerService.ACTION_TASK_READY dat=chimera-action:/... xflg=0x4 cmp=com.google.android.gms/.chimera.GmsInternalBoundBrokerService }
09-13 23:10:17.389  1554  1554 D BoundBrokerSvc: Loading bound service for intent: Intent { act=com.google.android.gms.thunderbird.ThunderbirdSchedulerService.ACTION_TASK_READY dat=chimera-action:/... xflg=0x4 cmp=com.google.android.gms/.chimera.GmsInternalBoundBrokerService }
09-13 23:10:17.390  1257  2162 I NetworkScheduler.Stats: Task com.google.android.gms/com.google.android.gms.thunderbird.ThunderbirdSchedulerService started execution. cause:5 exec_start_elapsed_seconds: 91 [CONTEXT service_id=218 ]
09-13 23:10:17.392  1554  1554 D BoundBrokerSvc: onRebind: Intent { act=com.google.android.gms.semanticlocationhistory.deidentifieddata.historicalbusyness.TransientHistoricalBusynessProcessingService.ACTION_TASK_READY dat=chimera-action:/... xflg=0x4 cmp=com.google.android.gms/.chimera.GmsInternalBoundBrokerService }
09-13 23:10:17.392  1257  4213 I NetworkScheduler.Stats: Task com.google.android.gms/com.google.android.gms.semanticlocationhistory.deidentifieddata.historicalbusyness.TransientHistoricalBusynessProcessingService started execution. cause:5 exec_start_elapsed_seconds: 91 [CONTEXT service_id=218 ]
09-13 23:10:17.401  2789  4224 D ErrorCodeSampler: Logging error code: 17 for the sample interval 100: false
09-13 23:10:17.403  1554  1554 D BoundBrokerSvc: onUnbind: Intent { act=com.google.android.gms.semanticlocationhistory.deidentifieddata.historicalbusyness.TransientHistoricalBusynessProcessingService.ACTION_TASK_READY dat=chimera-action:/... xflg=0x4 cmp=com.google.android.gms/.chimera.GmsInternalBoundBrokerService }
09-13 23:10:17.404  1257  2162 I NetworkScheduler.Stats: HousekeepingTask com.google.android.gms/com.google.android.gms.semanticlocationhistory.deidentifieddata.historicalbusyness.TransientHistoricalBusynessProcessingService finished executing. cause:0 result: 1 elapsed_millis: 12 uptime_millis: 12 exec_start_elapsed_seconds: 91 [CONTEXT service_id=218 ]
09-13 23:10:17.405  1554  1554 D BoundBrokerSvc: onUnbind: Intent { act=com.google.android.gms.thunderbird.ThunderbirdSchedulerService.ACTION_TASK_READY dat=chimera-action:/... xflg=0x4 cmp=com.google.android.gms/.chimera.GmsInternalBoundBrokerService }
09-13 23:10:17.406  1257  2162 I NetworkScheduler.Stats: HousekeepingTask com.google.android.gms/com.google.android.gms.thunderbird.ThunderbirdSchedulerService finished executing. cause:0 result: 1 elapsed_millis: 17 uptime_millis: 17 exec_start_elapsed_seconds: 91 [CONTEXT service_id=218 ]
09-13 23:10:17.406  1744  1744 I avrd    : (REDACTED) Starting %s background task %s.
09-13 23:10:17.407  1257  2162 I NetworkScheduler.Stats: Task com.google.android.gms/com.google.android.gms.scheduler.standalone.housekeeping.HousekeepingTrainTaskService finished executing. cause:5 result: 1 elapsed_millis: 199 uptime_millis: 199 exec_start_elapsed_seconds: 90 [CONTEXT service_id=218 ]
09-13 23:10:17.409  1744  2047 W acte    : Account id is not cached
09-13 23:10:17.409   686  2373 I WifiService: getWifiEnabledState uid=10147 state=3
09-13 23:10:17.412  1257  1257 D BoundBrokerSvc: onBind: Intent { act=com.google.android.gms.libs.gmscorelogger.GmsCoreLoggerFilesCleanupTask.ACTION_TASK_READY dat=chimera-action:/... xflg=0x4 cmp=com.google.android.gms/.chimera.PersistentInternalBoundBrokerService }
09-13 23:10:17.412  1257  1257 D BoundBrokerSvc: Loading bound service for intent: Intent { act=com.google.android.gms.libs.gmscorelogger.GmsCoreLoggerFilesCleanupTask.ACTION_TASK_READY dat=chimera-action:/... xflg=0x4 cmp=com.google.android.gms/.chimera.PersistentInternalBoundBrokerService }
09-13 23:10:17.413  1744  2768 I aukg    : Using pair HTTP connection
09-13 23:10:17.414  1257  1257 D BoundBrokerSvc: onUnbind: Intent { act=com.google.android.gms.libs.gmscorelogger.GmsCoreLoggerFilesCleanupTask.ACTION_TASK_READY dat=chimera-action:/... xflg=0x4 cmp=com.google.android.gms/.chimera.PersistentInternalBoundBrokerService }
09-13 23:10:17.414  1257  2162 I NetworkScheduler.Stats: Task com.google.android.gms/com.google.android.gms.libs.gmscorelogger.GmsCoreLoggerFilesCleanupTask started execution. cause:5 exec_start_elapsed_seconds: 91 [CONTEXT service_id=218 ]
09-13 23:10:17.415  1257  2162 I NetworkScheduler.Stats: HousekeepingTask com.google.android.gms/com.google.android.gms.libs.gmscorelogger.GmsCoreLoggerFilesCleanupTask finished executing. cause:0 result: 1 elapsed_millis: 3 uptime_millis: 3 exec_start_elapsed_seconds: 91 [CONTEXT service_id=218 ]
09-13 23:10:17.417  1744  3061 I abhp    : [Upload] Connected
09-13 23:10:17.417  1744  1744 E rdv     : onError
09-13 23:10:17.417  1744  1744 E rdv     : afvv: errorCode: 65561, engine: 2
09-13 23:10:17.417  1744  1744 E rdv     : 	at auki.a(PG:23)
09-13 23:10:17.417  1744  1744 E rdv     : 	at abhl.hv(PG:13)
09-13 23:10:17.417  1744  1744 E rdv     : 	at fyqd.e(PG:9)
09-13 23:10:17.417  1744  1744 E rdv     : 	at ahbi.d(PG:154)
09-13 23:10:17.417  1744  1744 E rdv     : 	at ahbi.iW(PG:26)
09-13 23:10:17.417  1744  1744 E rdv     : 	at abhm.c(PG:102)
09-13 23:10:17.417  1744  1744 E rdv     : 	at abhn.run(PG:1)
09-13 23:10:17.417  1744  1744 E rdv     : 	at java.util.concurrent.Executors$RunnableAdapter.call(Executors.java:524)
09-13 23:10:17.417  1744  1744 E rdv     : 	at java.util.concurrent.FutureTask.run(FutureTask.java:317)
09-13 23:10:17.417  1744  1744 E rdv     : 	at aggv.run(PG:20)
09-13 23:10:17.417  1744  1744 E rdv     : 	at aght.run(PG:3)
09-13 23:10:17.417  1744  1744 E rdv     : 	at aght.run(PG:3)
09-13 23:10:17.417  1744  1744 E rdv     : 	at java.util.concurrent.ThreadPoolExecutor.runWorker(ThreadPoolExecutor.java:1156)
09-13 23:10:17.417  1744  1744 E rdv     : 	at java.util.concurrent.ThreadPoolExecutor$Worker.run(ThreadPoolExecutor.java:651)
09-13 23:10:17.417  1744  1744 E rdv     : 	at java.lang.Thread.run(Thread.java:1119)
09-13 23:10:17.417  1744  1744 E rdv     : 	at aggj.run(PG:42)
09-13 23:10:17.417  1744  1744 E rdv     : Caused by: afvx: errorCode: 65586, engine: 2
09-13 23:10:17.417  1744  1744 E rdv     : 	at abhl.hv(PG:6)
09-13 23:10:17.417  1744  1744 E rdv     : 	... 14 more
09-13 23:10:17.417  1744  1744 E rdv     : Caused by: afvt: errorCode: 401, engine: 2
09-13 23:10:17.417  1744  1744 E rdv     : 	at rds.b(PG:30)
09-13 23:10:17.417  1744  1744 E rdv     : 	at abii.hJ(PG:11)
09-13 23:10:17.417  1744  1744 E rdv     : 	at ahbi.d(PG:129)
09-13 23:10:17.417  1744  1744 E rdv     : 	... 12 more
09-13 23:10:17.417  1744  3061 I aukg    : Using pair HTTP connection
09-13 23:10:17.418  1744  2047 W dnfi    : (REDACTED) Failed to get connectivityLock in %d ms
09-13 23:10:17.419  1744  3733 I abhp    : [Upload] Connected
09-13 23:10:17.420   686  2373 I WifiService: getWifiEnabledState uid=10147 state=3
09-13 23:10:17.420  1744  1744 W qrh     : Failed to sync device settings.
09-13 23:10:17.420  1744  1744 I qrh     : Retrying to sync device settings.
09-13 23:10:17.421  1744  1744 W JobInfo : Job 'com.google.android.googlequicksearchbox/com.google.android.apps.gsa.tasks.BackgroundTasksJobService#-353' has a deadline with functional constraints and an extremely short time window of 0 ms (delay=30000, deadline=30000). The functional constraints are not likely to be satisfied when the job runs.
09-13 23:10:17.421   686  2373 W JobInfo : Job 'com.google.android.googlequicksearchbox/com.google.android.apps.gsa.tasks.BackgroundTasksJobService#-353' has a deadline with functional constraints and an extremely short time window of 0 ms (delay=30000, deadline=30000). The functional constraints are not likely to be satisfied when the job runs.
09-13 23:10:17.421   686  2373 W JobInfo : Job 'com.google.android.googlequicksearchbox/com.google.android.apps.gsa.tasks.BackgroundTasksJobService#-353' has a deadline with functional constraints and an extremely short time window of 0 ms (delay=30000, deadline=30000). The functional constraints are not likely to be satisfied when the job runs.
--------- beginning of system
09-13 23:10:17.423   686  2373 W JobScheduler: Job didn't exist in JobStore: e7b345a #u0a147/-353 com.google.android.googlequicksearchbox/com.google.android.apps.gsa.tasks.BackgroundTasksJobService
09-13 23:10:17.426  1554  1554 D BoundBrokerSvc: onBind: Intent { act=com.google.android.gms.common.stats.AvailabilityFilesCleanupTask.ACTION_TASK_READY dat=chimera-action:/... xflg=0x4 cmp=com.google.android.gms/.chimera.GmsInternalBoundBrokerService }
09-13 23:10:17.426  1554  1554 D BoundBrokerSvc: Loading bound service for intent: Intent { act=com.google.android.gms.common.stats.AvailabilityFilesCleanupTask.ACTION_TASK_READY dat=chimera-action:/... xflg=0x4 cmp=com.google.android.gms/.chimera.GmsInternalBoundBrokerService }
09-13 23:10:17.427  1257  4213 I NetworkScheduler.Stats: Task com.google.android.gms/com.google.android.gms.common.stats.AvailabilityFilesCleanupTask started execution. cause:5 exec_start_elapsed_seconds: 91 [CONTEXT service_id=218 ]
09-13 23:10:17.428  1257  2165 I NetworkScheduler.Stats: Task com.google.android.gms/com.google.android.gms.scheduler.standalone.housekeeping.HousekeepingTrainTaskService started execution. cause:5 exec_start_elapsed_seconds: 91 [CONTEXT service_id=218 ]
09-13 23:10:17.429  1257  2165 I NetworkScheduler.Stats: HousekeepingTask com.google.android.gms/com.google.android.gms.common.stats.AvailabilityFilesCleanupTask finished executing. cause:0 result: 1 elapsed_millis: 7 uptime_millis: 7 exec_start_elapsed_seconds: 91 [CONTEXT service_id=218 ]
09-13 23:10:17.429  1554  1554 D BoundBrokerSvc: onUnbind: Intent { act=com.google.android.gms.common.stats.AvailabilityFilesCleanupTask.ACTION_TASK_READY dat=chimera-action:/... xflg=0x4 cmp=com.google.android.gms/.chimera.GmsInternalBoundBrokerService }
09-13 23:10:17.435  1554  1554 D BoundBrokerSvc: onRebind: Intent { act=com.google.android.gms.smartdevice.logging.CleanBufferedLogsService.ACTION_TASK_READY dat=chimera-action:/... xflg=0x4 cmp=com.google.android.gms/.chimera.GmsInternalBoundBrokerService }
09-13 23:10:17.436  1257  2165 I NetworkScheduler.Stats: Task com.google.android.gms/com.google.android.gms.smartdevice.logging.CleanBufferedLogsService started execution. cause:5 exec_start_elapsed_seconds: 91 [CONTEXT service_id=218 ]
09-13 23:10:17.439  1554  1554 D BoundBrokerSvc: onBind: Intent { act=com.google.android.gms.location.fused.logging.FlpSettingsLoggerService.ACTION_TASK_READY dat=chimera-action:/... xflg=0x4 cmp=com.google.android.gms/.chimera.GmsInternalBoundBrokerService }
09-13 23:10:17.439  1554  1554 D BoundBrokerSvc: Loading bound service for intent: Intent { act=com.google.android.gms.location.fused.logging.FlpSettingsLoggerService.ACTION_TASK_READY dat=chimera-action:/... xflg=0x4 cmp=com.google.android.gms/.chimera.GmsInternalBoundBrokerService }
09-13 23:10:17.440  1554  4229 I SmartDevice: [CleanBufferedLogsService] Running task upload_buffered_logs_periodic
09-13 23:10:17.443  1554  4229 I ConsentLogging: [LoggingStore] No events available for subdirectory
09-13 23:10:17.443  1554  4229 W SmartDevice: [SmartDeviceBufferedLogs] No buffered logs for source SMART_SETUP after SUW is complete
09-13 23:10:17.443  1554  4229 I ConsentLogging: [LoggingStore] No events available for subdirectory
09-13 23:10:17.444  1257  4213 I NetworkScheduler.Stats: Task com.google.android.gms/com.google.android.gms.location.fused.logging.FlpSettingsLoggerService started execution. cause:5 exec_start_elapsed_seconds: 91 [CONTEXT service_id=218 ]
09-13 23:10:17.444  1554  4229 W SmartDevice: [SmartDeviceBufferedLogs] No buffered logs for source ANDROID_AUTH after SUW is complete
09-13 23:10:17.448  1257  2165 I NetworkScheduler.Stats: HousekeepingTask com.google.android.gms/com.google.android.gms.smartdevice.logging.CleanBufferedLogsService finished executing. cause:0 result: 1 elapsed_millis: 15 uptime_millis: 15 exec_start_elapsed_seconds: 91 [CONTEXT service_id=218 ]
09-13 23:10:17.449  1257  2165 I NetworkScheduler.Stats: HousekeepingTask com.google.android.gms/com.google.android.gms.location.fused.logging.FlpSettingsLoggerService finished executing. cause:0 result: 1 elapsed_millis: 10 uptime_millis: 10 exec_start_elapsed_seconds: 91 [CONTEXT service_id=218 ]
09-13 23:10:17.449  1554  1554 D BoundBrokerSvc: onUnbind: Intent { act=com.google.android.gms.smartdevice.logging.CleanBufferedLogsService.ACTION_TASK_READY dat=chimera-action:/... xflg=0x4 cmp=com.google.android.gms/.chimera.GmsInternalBoundBrokerService }
09-13 23:10:17.449  1554  1554 D BoundBrokerSvc: onUnbind: Intent { act=com.google.android.gms.location.fused.logging.FlpSettingsLoggerService.ACTION_TASK_READY dat=chimera-action:/... xflg=0x4 cmp=com.google.android.gms/.chimera.GmsInternalBoundBrokerService }
09-13 23:10:17.453  1257  1257 D BoundBrokerSvc: onBind: Intent { act=com.google.android.gms.westworld.AppSpecificPropertyRegistrationTask.ACTION_TASK_READY dat=chimera-action:/... xflg=0x4 cmp=com.google.android.gms/.chimera.PersistentInternalBoundBrokerService }
09-13 23:10:17.453  1257  1257 D BoundBrokerSvc: Loading bound service for intent: Intent { act=com.google.android.gms.westworld.AppSpecificPropertyRegistrationTask.ACTION_TASK_READY dat=chimera-action:/... xflg=0x4 cmp=com.google.android.gms/.chimera.PersistentInternalBoundBrokerService }
09-13 23:10:17.455  1257  1430 I NetworkScheduler.Stats: Task com.google.android.gms/com.google.android.gms.westworld.AppSpecificPropertyRegistrationTask started execution. cause:5 exec_start_elapsed_seconds: 91 [CONTEXT service_id=218 ]
09-13 23:10:17.455  1554  1554 D BoundBrokerSvc: onRebind: Intent { act=com.google.android.gms.semanticlocationhistory.pulp.PulpMddMaintenanceService.ACTION_TASK_READY dat=chimera-action:/... xflg=0x4 cmp=com.google.android.gms/.chimera.GmsInternalBoundBrokerService }
09-13 23:10:17.456  1257  1430 I NetworkScheduler.Stats: HousekeepingTask com.google.android.gms/com.google.android.gms.westworld.AppSpecificPropertyRegistrationTask finished executing. cause:0 result: 1 elapsed_millis: 4 uptime_millis: 4 exec_start_elapsed_seconds: 91 [CONTEXT service_id=218 ]
09-13 23:10:17.456  1257  1430 I NetworkScheduler.Stats: Task com.google.android.gms/com.google.android.gms.semanticlocationhistory.pulp.PulpMddMaintenanceService started execution. cause:5 exec_start_elapsed_seconds: 91 [CONTEXT service_id=218 ]
09-13 23:10:17.456  1257  1257 D BoundBrokerSvc: onUnbind: Intent { act=com.google.android.gms.westworld.AppSpecificPropertyRegistrationTask.ACTION_TASK_READY dat=chimera-action:/... xflg=0x4 cmp=com.google.android.gms/.chimera.PersistentInternalBoundBrokerService }
09-13 23:10:17.459  1554  1554 D BoundBrokerSvc: onBind: Intent { act=com.google.android.location.geofencer.service.RandomDailyTaskSchedulerService.ACTION_TASK_READY dat=chimera-action:/... xflg=0x4 cmp=com.google.android.gms/.chimera.GmsInternalBoundBrokerService }
09-13 23:10:17.459  1554  1554 D BoundBrokerSvc: Loading bound service for intent: Intent { act=com.google.android.location.geofencer.service.RandomDailyTaskSchedulerService.ACTION_TASK_READY dat=chimera-action:/... xflg=0x4 cmp=com.google.android.gms/.chimera.GmsInternalBoundBrokerService }
09-13 23:10:17.460  1257  1430 I NetworkScheduler.Stats: HousekeepingTask com.google.android.gms/com.google.android.gms.semanticlocationhistory.pulp.PulpMddMaintenanceService finished executing. cause:0 result: 1 elapsed_millis: 5 uptime_millis: 5 exec_start_elapsed_seconds: 91 [CONTEXT service_id=218 ]
09-13 23:10:17.460  1554  1554 D BoundBrokerSvc: onUnbind: Intent { act=com.google.android.gms.semanticlocationhistory.pulp.PulpMddMaintenanceService.ACTION_TASK_READY dat=chimera-action:/... xflg=0x4 cmp=com.google.android.gms/.chimera.GmsInternalBoundBrokerService }
09-13 23:10:17.460  1257  1430 I NetworkScheduler.Stats: Task com.google.android.gms/com.google.android.location.geofencer.service.RandomDailyTaskSchedulerService started execution. cause:5 exec_start_elapsed_seconds: 91 [CONTEXT service_id=218 ]
09-13 23:10:17.461  1257  2313 I NetworkScheduler.Stats: HousekeepingTask com.google.android.gms/com.google.android.location.geofencer.service.RandomDailyTaskSchedulerService finished executing. cause:0 result: 1 elapsed_millis: 2 uptime_millis: 2 exec_start_elapsed_seconds: 91 [CONTEXT service_id=218 ]
09-13 23:10:17.462  1554  1554 D BoundBrokerSvc: onUnbind: Intent { act=com.google.android.location.geofencer.service.RandomDailyTaskSchedulerService.ACTION_TASK_READY dat=chimera-action:/... xflg=0x4 cmp=com.google.android.gms/.chimera.GmsInternalBoundBrokerService }
09-13 23:10:17.464  1257  2313 I NetworkScheduler.Stats: Task com.google.android.gms/com.google.android.gms.semanticlocationhistory.pulp.PulpMddDownloadScheduleService started execution. cause:5 exec_start_elapsed_seconds: 91 [CONTEXT service_id=218 ]
09-13 23:10:17.465  1554  1554 D BoundBrokerSvc: onRebind: Intent { act=com.google.android.gms.semanticlocationhistory.pulp.PulpMddDownloadScheduleService.ACTION_TASK_READY dat=chimera-action:/... xflg=0x4 cmp=com.google.android.gms/.chimera.GmsInternalBoundBrokerService }
09-13 23:10:17.466  1257  2165 I NetworkScheduler.Stats: HousekeepingTask com.google.android.gms/com.google.android.gms.semanticlocationhistory.pulp.PulpMddDownloadScheduleService finished executing. cause:0 result: 1 elapsed_millis: 3 uptime_millis: 3 exec_start_elapsed_seconds: 91 [CONTEXT service_id=218 ]
09-13 23:10:17.467  1554  1554 D BoundBrokerSvc: onUnbind: Intent { act=com.google.android.gms.semanticlocationhistory.pulp.PulpMddDownloadScheduleService.ACTION_TASK_READY dat=chimera-action:/... xflg=0x4 cmp=com.google.android.gms/.chimera.GmsInternalBoundBrokerService }
09-13 23:10:17.468  1554  1554 D BoundBrokerSvc: onRebind: Intent { act=.people.service.wipeout.PeopleAndroidUriWipeoutTask.ACTION_TASK_READY dat=chimera-action:/... xflg=0x4 cmp=com.google.android.gms/.chimera.GmsInternalBoundBrokerService }
09-13 23:10:17.468  1257  2313 I NetworkScheduler.Stats: Task com.google.android.gms/.people.service.wipeout.PeopleAndroidUriWipeoutTask started execution. cause:5 exec_start_elapsed_seconds: 91 [CONTEXT service_id=218 ]
09-13 23:10:17.469  1257  2313 I NetworkScheduler.Stats: Task com.google.android.gms/com.google.android.gms.scheduler.standalone.housekeeping.HousekeepingTrainTaskService finished executing. cause:5 result: 1 elapsed_millis: 40 uptime_millis: 40 exec_start_elapsed_seconds: 91 [CONTEXT service_id=218 ]
09-13 23:10:17.469  1554  1673 I AndroidUriWipeoutSvc: Running AndroidUriWipeout [CONTEXT service_id=5 ]
09-13 23:10:17.469  1554  1554 D BoundBrokerSvc: onUnbind: Intent { act=.people.service.wipeout.PeopleAndroidUriWipeoutTask.ACTION_TASK_READY dat=chimera-action:/... xflg=0x4 cmp=com.google.android.gms/.chimera.GmsInternalBoundBrokerService }
09-13 23:10:17.473  1257  2313 I NetworkScheduler.Stats: HousekeepingTask com.google.android.gms/.people.service.wipeout.PeopleAndroidUriWipeoutTask finished executing. cause:0 result: 1 elapsed_millis: 2 uptime_millis: 2 exec_start_elapsed_seconds: 91 [CONTEXT service_id=218 ]
09-13 23:10:17.476  1257  1257 D BoundBrokerSvc: onRebind: Intent { act=com.google.android.gms.mdm.services.QrlLoggerService.ACTION_TASK_READY dat=chimera-action:/... xflg=0x4 cmp=com.google.android.gms/.chimera.PersistentInternalBoundBrokerService }
09-13 23:10:17.476  1257  2162 I NetworkScheduler.Stats: Task com.google.android.gms/com.google.android.gms.mdm.services.QrlLoggerService started execution. cause:5 exec_start_elapsed_seconds: 91 [CONTEXT service_id=218 ]
09-13 23:10:17.478  1257  2313 I NetworkScheduler.Stats: Task com.google.android.gms/com.google.android.gms.scheduler.standalone.housekeeping.HousekeepingTrainTaskService started execution. cause:5 exec_start_elapsed_seconds: 91 [CONTEXT service_id=218 ]
09-13 23:10:17.478  1257  2165 I NetworkScheduler.Stats: HousekeepingTask com.google.android.gms/com.google.android.gms.mdm.services.QrlLoggerService finished executing. cause:0 result: 1 elapsed_millis: 4 uptime_millis: 4 exec_start_elapsed_seconds: 91 [CONTEXT service_id=218 ]
09-13 23:10:17.479  1257  1257 D BoundBrokerSvc: onUnbind: Intent { act=com.google.android.gms.mdm.services.QrlLoggerService.ACTION_TASK_READY dat=chimera-action:/... xflg=0x4 cmp=com.google.android.gms/.chimera.PersistentInternalBoundBrokerService }
09-13 23:10:17.481  1554  1554 D BoundBrokerSvc: onRebind: Intent { act=com.google.android.gms.chromesync.tasks.UpdateAffiliationsTaskBoundService.ACTION_TASK_READY dat=chimera-action:/... xflg=0x4 cmp=com.google.android.gms/.chimera.GmsInternalBoundBrokerService }
09-13 23:10:17.481  1257  2165 I NetworkScheduler.Stats: Task com.google.android.gms/com.google.android.gms.chromesync.tasks.UpdateAffiliationsTaskBoundService started execution. cause:5 exec_start_elapsed_seconds: 91 [CONTEXT service_id=218 ]
09-13 23:10:17.482  1554  1860 I UpdateAffiliationsTaskB: Updating affiliation from scheduled task scheduled successfully. [CONTEXT service_id=80 ]
09-13 23:10:17.482  1257  2589 I NetworkScheduler.Stats: HousekeepingTask com.google.android.gms/com.google.android.gms.chromesync.tasks.UpdateAffiliationsTaskBoundService finished executing. cause:0 result: 1 elapsed_millis: 1 uptime_millis: 1 exec_start_elapsed_seconds: 91 [CONTEXT service_id=218 ]
09-13 23:10:17.482  1554  1554 D BoundBrokerSvc: onUnbind: Intent { act=com.google.android.gms.chromesync.tasks.UpdateAffiliationsTaskBoundService.ACTION_TASK_READY dat=chimera-action:/... xflg=0x4 cmp=com.google.android.gms/.chimera.GmsInternalBoundBrokerService }
09-13 23:10:17.484  1554  1554 D BoundBrokerSvc: onRebind: Intent { act=.people.service.cpg.callingcard.CallingCardCleanupTask.ACTION_TASK_READY dat=chimera-action:/... xflg=0x4 cmp=com.google.android.gms/.chimera.GmsInternalBoundBrokerService }
09-13 23:10:17.484  1257  2589 I NetworkScheduler.Stats: Task com.google.android.gms/.people.service.cpg.callingcard.CallingCardCleanupTask started execution. cause:5 exec_start_elapsed_seconds: 91 [CONTEXT service_id=218 ]
09-13 23:10:17.484  1554  1673 I CallingCardCleanup: onRunTask [CONTEXT service_id=5 ]
09-13 23:10:17.484  1554  1673 I CallingCardCleanup: Running CallingCardCleanup [CONTEXT service_id=5 ]
09-13 23:10:17.485  1257  2589 I NetworkScheduler.Stats: Task com.google.android.gms/com.google.android.gms.scheduler.standalone.housekeeping.HousekeepingTrainTaskService finished executing. cause:5 result: 1 elapsed_millis: 7 uptime_millis: 7 exec_start_elapsed_seconds: 91 [CONTEXT service_id=218 ]
09-13 23:10:17.486  1554  1554 D BoundBrokerSvc: onUnbind: Intent { act=.people.service.cpg.callingcard.CallingCardCleanupTask.ACTION_TASK_READY dat=chimera-action:/... xflg=0x4 cmp=com.google.android.gms/.chimera.GmsInternalBoundBrokerService }
09-13 23:10:17.488  1257  2589 I NetworkScheduler.Stats: HousekeepingTask com.google.android.gms/.people.service.cpg.callingcard.CallingCardCleanupTask finished executing. cause:0 result: 1 elapsed_millis: 3 uptime_millis: 3 exec_start_elapsed_seconds: 91 [CONTEXT service_id=218 ]
09-13 23:10:17.491  1257  2313 I NetworkScheduler.Stats: Task com.google.android.gms/com.google.android.gms.common.stats.FeatureLoggingTask started execution. cause:5 exec_start_elapsed_seconds: 91 [CONTEXT service_id=218 ]
09-13 23:10:17.491  1554  1554 D BoundBrokerSvc: onRebind: Intent { act=com.google.android.gms.common.stats.FeatureLoggingTask.ACTION_TASK_READY dat=chimera-action:/... xflg=0x4 cmp=com.google.android.gms/.chimera.GmsInternalBoundBrokerService }
09-13 23:10:17.491  1554  1860 I MetricIdProvider: Unable to log feature status gaia snapshot: no accounts found [CONTEXT service_id=231 ]
09-13 23:10:17.492  1554  1860 I MetricIdProvider: Unable to log feature status zwieback snapshot: Facet Usage cannot log or override not set [CONTEXT service_id=231 ]
09-13 23:10:17.492  1554  1860 I GmsCoreDailyFeatureLogg: Unable to log feature status snapshot: Cannot log gaia or zwieback [CONTEXT service_id=231 ]
09-13 23:10:17.493  1257  2589 I NetworkScheduler.Stats: Task com.google.android.gms/com.google.android.gms.scheduler.standalone.housekeeping.HousekeepingTrainTaskService started execution. cause:5 exec_start_elapsed_seconds: 91 [CONTEXT service_id=218 ]
09-13 23:10:17.493  1257  2162 I NetworkScheduler.Stats: HousekeepingTask com.google.android.gms/com.google.android.gms.common.stats.FeatureLoggingTask finished executing. cause:0 result: 1 elapsed_millis: 2 uptime_millis: 2 exec_start_elapsed_seconds: 91 [CONTEXT service_id=218 ]
09-13 23:10:17.493  1554  1554 D BoundBrokerSvc: onUnbind: Intent { act=com.google.android.gms.auth.service.START xflg=0x4 pkg=com.google.android.gms }
09-13 23:10:17.494  1554  1554 D BoundBrokerSvc: onUnbind: Intent { act=com.google.android.gms.common.stats.FeatureLoggingTask.ACTION_TASK_READY dat=chimera-action:/... xflg=0x4 cmp=com.google.android.gms/.chimera.GmsInternalBoundBrokerService }
09-13 23:10:17.498  1257  2162 I NetworkScheduler.Stats: Task com.google.android.gms/com.google.android.gms.ipa.base.IpaGcmTaskService started execution. cause:5 exec_start_elapsed_seconds: 91 [CONTEXT service_id=218 ]
09-13 23:10:17.499  1257  1430 I NetworkScheduler.Stats: HousekeepingTask com.google.android.gms/com.google.android.gms.ipa.base.IpaGcmTaskService finished executing. cause:0 result: 1 elapsed_millis: 4 uptime_millis: 4 exec_start_elapsed_seconds: 91 [CONTEXT service_id=218 ]
09-13 23:10:17.501  1554  1554 D BoundBrokerSvc: onRebind: Intent { act=com.google.android.gms.common.stats.NotificationLoggingTask.ACTION_TASK_READY dat=chimera-action:/... xflg=0x4 cmp=com.google.android.gms/.chimera.GmsInternalBoundBrokerService }
09-13 23:10:17.501  1257  1430 I NetworkScheduler.Stats: Task com.google.android.gms/com.google.android.gms.common.stats.NotificationLoggingTask started execution. cause:5 exec_start_elapsed_seconds: 91 [CONTEXT service_id=218 ]
09-13 23:10:17.501  1554  1673 W ChimeraUtils: Module com.google.android.gms.core missing resource null(0)
09-13 23:10:17.501  1257  1430 I NetworkScheduler.Stats: Task com.google.android.gms/com.google.android.gms.scheduler.standalone.housekeeping.HousekeepingTrainTaskService finished executing. cause:5 result: 1 elapsed_millis: 8 uptime_millis: 8 exec_start_elapsed_seconds: 91 [CONTEXT service_id=218 ]
09-13 23:10:17.503  1554  1554 D BoundBrokerSvc: onUnbind: Intent { act=com.google.android.gms.common.stats.NotificationLoggingTask.ACTION_TASK_READY dat=chimera-action:/... xflg=0x4 cmp=com.google.android.gms/.chimera.GmsInternalBoundBrokerService }
09-13 23:10:17.505  1257  1430 I NetworkScheduler.Stats: HousekeepingTask com.google.android.gms/com.google.android.gms.common.stats.NotificationLoggingTask finished executing. cause:0 result: 1 elapsed_millis: 3 uptime_millis: 3 exec_start_elapsed_seconds: 91 [CONTEXT service_id=218 ]
09-13 23:10:17.509  1554  1554 D BoundBrokerSvc: onRebind: Intent { act=com.google.android.gms.people.service.cpg.ActionPreferenceCleanupTask.ACTION_TASK_READY dat=chimera-action:/... xflg=0x4 cmp=com.google.android.gms/.chimera.GmsInternalBoundBrokerService }
09-13 23:10:17.509  1257  2162 I NetworkScheduler.Stats: Task com.google.android.gms/com.google.android.gms.people.service.cpg.ActionPreferenceCleanupTask started execution. cause:5 exec_start_elapsed_seconds: 91 [CONTEXT service_id=218 ]
09-13 23:10:17.509  1554  1860 I ActionPreferenceCleanup: onRunTask [CONTEXT service_id=5 ]
09-13 23:10:17.509  1554  1860 I ActionPreferenceCleanup: Running ActionPreferenceCleanup [CONTEXT service_id=5 ]
09-13 23:10:17.509  1554  1860 I VideoPreferenceCleanupW: doWork [CONTEXT service_id=5 ]
09-13 23:10:17.509  1554  1860 I People_AppSearchUtilities: Using PlatformStorage API
09-13 23:10:17.509  1554  1860 I VideoPreferenceCleanupW: doWork cleanup invalid [CONTEXT service_id=5 ]
09-13 23:10:17.509  1554  1860 I VideoPreferenceCleanupW: cleanupInvalid start [CONTEXT service_id=5 ]
09-13 23:10:17.510  1554  1860 I VideoPreferenceCleanupW: No video call action preferences stored in CPG. [CONTEXT service_id=5 ]
09-13 23:10:17.511  1257  1430 I NetworkScheduler.Stats: Task com.google.android.gms/com.google.android.gms.scheduler.standalone.housekeeping.HousekeepingTrainTaskService started execution. cause:5 exec_start_elapsed_seconds: 91 [CONTEXT service_id=218 ]
09-13 23:10:17.513  1257  1430 I NetworkScheduler.Stats: HousekeepingTask com.google.android.gms/com.google.android.gms.people.service.cpg.ActionPreferenceCleanupTask finished executing. cause:0 result: 1 elapsed_millis: 6 uptime_millis: 6 exec_start_elapsed_seconds: 91 [CONTEXT service_id=218 ]
09-13 23:10:17.514  1554  1554 D BoundBrokerSvc: onUnbind: Intent { act=com.google.android.gms.people.service.cpg.ActionPreferenceCleanupTask.ACTION_TASK_READY dat=chimera-action:/... xflg=0x4 cmp=com.google.android.gms/.chimera.GmsInternalBoundBrokerService }
09-13 23:10:17.514  1554  1554 D BoundBrokerSvc: onRebind: Intent { act=com.google.android.gms.semanticlocation.mdd.MddDownloadScheduleService.ACTION_TASK_READY dat=chimera-action:/... xflg=0x4 cmp=com.google.android.gms/.chimera.GmsInternalBoundBrokerService }
09-13 23:10:17.515  1257  1430 I NetworkScheduler.Stats: Task com.google.android.gms/com.google.android.gms.semanticlocation.mdd.MddDownloadScheduleService started execution. cause:5 exec_start_elapsed_seconds: 91 [CONTEXT service_id=218 ]
09-13 23:10:17.517  1554  1554 D BoundBrokerSvc: onRebind: Intent { act=com.google.android.gms.semanticlocationhistory.db.OdlhDatabaseCleanupJob.ACTION_TASK_READY dat=chimera-action:/... xflg=0x4 cmp=com.google.android.gms/.chimera.GmsInternalBoundBrokerService }
09-13 23:10:17.518  1257  2313 I NetworkScheduler.Stats: HousekeepingTask com.google.android.gms/com.google.android.gms.semanticlocation.mdd.MddDownloadScheduleService finished executing. cause:0 result: 1 elapsed_millis: 5 uptime_millis: 5 exec_start_elapsed_seconds: 91 [CONTEXT service_id=218 ]
09-13 23:10:17.518  1554  1554 D BoundBrokerSvc: onUnbind: Intent { act=com.google.android.gms.semanticlocation.mdd.MddDownloadScheduleService.ACTION_TASK_READY dat=chimera-action:/... xflg=0x4 cmp=com.google.android.gms/.chimera.GmsInternalBoundBrokerService }
09-13 23:10:17.518  1257  2165 I NetworkScheduler.Stats: Task com.google.android.gms/com.google.android.gms.semanticlocationhistory.db.OdlhDatabaseCleanupJob started execution. cause:5 exec_start_elapsed_seconds: 91 [CONTEXT service_id=218 ]
09-13 23:10:17.518  1554  4229 I LocationHistory: [DataProvider] Opening SQLite [CONTEXT service_id=314 ]
09-13 23:10:17.519  1554  4229 I LocationHistory: [DataProvider] SQLite db already connected 1 times [CONTEXT service_id=314 ]
09-13 23:10:17.520  1554  4229 I fcaq    : SQLiteSchema conforming table semantic_segment_table
09-13 23:10:17.521  1554  4229 I fcaq    : SQLiteSchema conforming table edited_segment_table
09-13 23:10:17.522  1554  4229 I LocationHistory: [DataProvider] Opening SQLite [CONTEXT service_id=314 ]
09-13 23:10:17.524  1257  2165 I NetworkScheduler.Stats: Task com.google.android.gms/com.google.android.gms.scheduler.standalone.housekeeping.HousekeepingTrainTaskService finished executing. cause:5 result: 1 elapsed_millis: 13 uptime_millis: 13 exec_start_elapsed_seconds: 91 [CONTEXT service_id=218 ]
09-13 23:10:17.535  1257  2165 I NetworkScheduler.Stats: Task com.google.android.gms/com.google.android.gms.scheduler.standalone.housekeeping.HousekeepingTrainTaskService started execution. cause:5 exec_start_elapsed_seconds: 91 [CONTEXT service_id=218 ]
09-13 23:10:17.536  1257  2589 I NetworkScheduler.Stats: HousekeepingTask com.google.android.gms/com.google.android.gms.semanticlocationhistory.db.OdlhDatabaseCleanupJob finished executing. cause:0 result: 1 elapsed_millis: 19 uptime_millis: 19 exec_start_elapsed_seconds: 91 [CONTEXT service_id=218 ]
09-13 23:10:17.537  1554  1554 D BoundBrokerSvc: onUnbind: Intent { act=com.google.android.gms.semanticlocationhistory.db.OdlhDatabaseCleanupJob.ACTION_TASK_READY dat=chimera-action:/... xflg=0x4 cmp=com.google.android.gms/.chimera.GmsInternalBoundBrokerService }
[redacted device/network identity log line]
[redacted device/network identity log line]
[redacted device/network identity log line]
09-13 23:10:17.545  1554  1673 I SpamListSync: Call spam module disabled. Skipping cleaning cache sip header table. [CONTEXT service_id=150 ]
[redacted device/network identity log line]
[redacted device/network identity log line]
09-13 23:10:17.545  1554  1673 I SpamListSync: Call spam module disabled. Skipping spam list syncing. [CONTEXT service_id=150 ]
[redacted device/network identity log line]
09-13 23:10:17.548  1257  2165 I NetworkScheduler.Stats: Task com.google.android.gms/com.google.android.gms.personalsafety.service.PersonalSafetyLoggerService started execution. cause:5 exec_start_elapsed_seconds: 91 [CONTEXT service_id=218 ]
09-13 23:10:17.548  1257  1257 D BoundBrokerSvc: onRebind: Intent { act=com.google.android.gms.personalsafety.service.PersonalSafetyLoggerService.ACTION_TASK_READY dat=chimera-action:/... xflg=0x4 cmp=com.google.android.gms/.chimera.PersistentInternalBoundBrokerService }
09-13 23:10:17.549  1257  2589 W Settings: Setting airplane_mode_on has moved from android.provider.Settings.System to android.provider.Settings.Global, returning read-only value.
09-13 23:10:17.549  1257  2589 W Settings: Setting airplane_mode_on has moved from android.provider.Settings.System to android.provider.Settings.Global, returning read-only value.
09-13 23:10:17.550  1257  2165 I NetworkScheduler.Stats: HousekeepingTask com.google.android.gms/com.google.android.gms.personalsafety.service.PersonalSafetyLoggerService finished executing. cause:0 result: 1 elapsed_millis: 2 uptime_millis: 2 exec_start_elapsed_seconds: 91 [CONTEXT service_id=218 ]
09-13 23:10:17.550  1257  1257 D BoundBrokerSvc: onUnbind: Intent { act=com.google.android.gms.personalsafety.service.PersonalSafetyLoggerService.ACTION_TASK_READY dat=chimera-action:/... xflg=0x4 cmp=com.google.android.gms/.chimera.PersistentInternalBoundBrokerService }
09-13 23:10:17.552  1554  1554 D BoundBrokerSvc: onRebind: Intent { act=com.google.android.gms.threadnetwork.credentials.firstparty.BorderRouterSyncBoundService.ACTION_TASK_READY dat=chimera-action:/... xflg=0x4 cmp=com.google.android.gms/.chimera.GmsInternalBoundBrokerService }
09-13 23:10:17.554  1554  4229 I GmsThreadNetwork: [BorderRouterSyncBoundService] Border Router sync service run task [CONTEXT service_id=305 ]
09-13 23:10:17.554  1257  2165 I NetworkScheduler.Stats: Task com.google.android.gms/com.google.android.gms.threadnetwork.credentials.firstparty.BorderRouterSyncBoundService started execution. cause:5 exec_start_elapsed_seconds: 91 [CONTEXT service_id=218 ]
09-13 23:10:17.554  1554  4229 I GmsThreadNetwork: [BorderRouterSynchronizer] Start syncing 1P Border Routers [CONTEXT service_id=305 ]
09-13 23:10:17.556  1554  1673 I GmsThreadNetwork: [BorderAgentScannerImpl] Started mDNS service browser [CONTEXT service_id=305 ]
09-13 23:10:17.558   686  1113 I WifiService: acquireMulticastLock uid=10146 tag=mdns-cast
09-13 23:10:17.563  1021  1213 D IpClient.wlan0: set max DTIM multiplier to 1
09-13 23:10:17.563   686   857 D WifiVendorHal: installPacketFilter filter length 1759
09-13 23:10:17.564  1257  1257 D BoundBrokerSvc: onRebind: Intent { act=com.google.android.personalsafety.settings.autolock.AutoLockLoggerService.ACTION_TASK_READY dat=chimera-action:/... xflg=0x4 cmp=com.google.android.gms/.chimera.PersistentInternalBoundBrokerService }
09-13 23:10:17.565  1257  1425 I NetworkScheduler.Stats: Task com.google.android.gms/com.google.android.personalsafety.settings.autolock.AutoLockLoggerService started execution. cause:5 exec_start_elapsed_seconds: 91 [CONTEXT service_id=218 ]
09-13 23:10:17.566  1257  2165 I NetworkScheduler.Stats: HousekeepingTask com.google.android.gms/com.google.android.personalsafety.settings.autolock.AutoLockLoggerService finished executing. cause:0 result: 1 elapsed_millis: 7 uptime_millis: 7 exec_start_elapsed_seconds: 91 [CONTEXT service_id=218 ]
09-13 23:10:17.567  1554  1554 I GmsThreadNetwork: [BorderAgentScannerImpl] Sent Border Agent mDNS service query (transactionId = 1) [CONTEXT service_id=305 ]
[redacted device/network identity log line]
09-13 23:10:17.567  1257  1257 D BoundBrokerSvc: onUnbind: Intent { act=com.google.android.personalsafety.settings.autolock.AutoLockLoggerService.ACTION_TASK_READY dat=chimera-action:/... xflg=0x4 cmp=com.google.android.gms/.chimera.PersistentInternalBoundBrokerService }
09-13 23:10:17.568   686   857 E WifiStaIfaceAidlImpl: setDtimMultiplier failed with service-specific exception: android.os.ServiceSpecificException:  (code 4)
[redacted device/network identity log line]
[redacted device/network identity log line]
09-13 23:10:17.571  1554  1554 D BoundBrokerSvc: onRebind: Intent { act=com.google.android.gms.common.stats.permissions.PermissionStateLoggingTask.ACTION_TASK_READY dat=chimera-action:/... xflg=0x4 cmp=com.google.android.gms/.chimera.GmsInternalBoundBrokerService }
09-13 23:10:17.572  1257  2165 I NetworkScheduler.Stats: Task com.google.android.gms/com.google.android.gms.common.stats.permissions.PermissionStateLoggingTask started execution. cause:5 exec_start_elapsed_seconds: 91 [CONTEXT service_id=218 ]
09-13 23:10:17.574  1257  1430 I NetworkScheduler.Stats: HousekeepingTask com.google.android.gms/com.google.android.gms.common.stats.permissions.PermissionStateLoggingTask finished executing. cause:0 result: 1 elapsed_millis: 4 uptime_millis: 4 exec_start_elapsed_seconds: 91 [CONTEXT service_id=218 ]
09-13 23:10:17.574  1554  1554 D BoundBrokerSvc: onUnbind: Intent { act=com.google.android.gms.common.stats.permissions.PermissionStateLoggingTask.ACTION_TASK_READY dat=chimera-action:/... xflg=0x4 cmp=com.google.android.gms/.chimera.GmsInternalBoundBrokerService }
09-13 23:10:17.580  1554  1554 D BoundBrokerSvc: onRebind: Intent { act=com.google.android.gms.semanticlocation.service.SemanticLocationCleanupJob.ACTION_TASK_READY dat=chimera-action:/... xflg=0x4 cmp=com.google.android.gms/.chimera.GmsInternalBoundBrokerService }
09-13 23:10:17.581  1257  1430 I NetworkScheduler.Stats: Task com.google.android.gms/com.google.android.gms.semanticlocation.service.SemanticLocationCleanupJob started execution. cause:5 exec_start_elapsed_seconds: 91 [CONTEXT service_id=218 ]
09-13 23:10:17.583  1257  2165 I NetworkScheduler.Stats: HousekeepingTask com.google.android.gms/com.google.android.gms.semanticlocation.service.SemanticLocationCleanupJob finished executing. cause:0 result: 1 elapsed_millis: 3 uptime_millis: 3 exec_start_elapsed_seconds: 91 [CONTEXT service_id=218 ]
09-13 23:10:17.584  1554  1554 D BoundBrokerSvc: onUnbind: Intent { act=com.google.android.gms.semanticlocation.service.SemanticLocationCleanupJob.ACTION_TASK_READY dat=chimera-action:/... xflg=0x4 cmp=com.google.android.gms/.chimera.GmsInternalBoundBrokerService }
09-13 23:10:17.587  1554  1554 D BoundBrokerSvc: onRebind: Intent { act=com.google.android.gms.semanticlocationhistory.settings.OdlhTombstonesCleanupJob.ACTION_TASK_READY dat=chimera-action:/... xflg=0x4 cmp=com.google.android.gms/.chimera.GmsInternalBoundBrokerService }
09-13 23:10:17.587  1257  2165 I NetworkScheduler.Stats: Task com.google.android.gms/com.google.android.gms.semanticlocationhistory.settings.OdlhTombstonesCleanupJob started execution. cause:5 exec_start_elapsed_seconds: 91 [CONTEXT service_id=218 ]
09-13 23:10:17.588  1257  1425 I NetworkScheduler.Stats: HousekeepingTask com.google.android.gms/com.google.android.gms.semanticlocationhistory.settings.OdlhTombstonesCleanupJob finished executing. cause:0 result: 1 elapsed_millis: 3 uptime_millis: 3 exec_start_elapsed_seconds: 91 [CONTEXT service_id=218 ]
09-13 23:10:17.589  1554  1554 D BoundBrokerSvc: onUnbind: Intent { act=com.google.android.gms.semanticlocationhistory.settings.OdlhTombstonesCleanupJob.ACTION_TASK_READY dat=chimera-action:/... xflg=0x4 cmp=com.google.android.gms/.chimera.GmsInternalBoundBrokerService }
09-13 23:10:17.592  1554  1554 D BoundBrokerSvc: onRebind: Intent { act=com.google.android.gms.semanticlocationhistory.federated.FederatedScheduleService.ACTION_TASK_READY dat=chimera-action:/... xflg=0x4 cmp=com.google.android.gms/.chimera.GmsInternalBoundBrokerService }
09-13 23:10:17.592  1257  1430 I NetworkScheduler.Stats: Task com.google.android.gms/com.google.android.gms.semanticlocationhistory.federated.FederatedScheduleService started execution. cause:5 exec_start_elapsed_seconds: 91 [CONTEXT service_id=218 ]
09-13 23:10:17.593  1554  1860 I LocationHistory: [FederatedScheduleService] Account-level location setting is turned off. [CONTEXT service_id=314 ]
09-13 23:10:17.593  1257  2165 I NetworkScheduler.Stats: HousekeepingTask com.google.android.gms/com.google.android.gms.semanticlocationhistory.federated.FederatedScheduleService finished executing. cause:0 result: 2 elapsed_millis: 1 uptime_millis: 1 exec_start_elapsed_seconds: 91 [CONTEXT service_id=218 ]
09-13 23:10:17.593  1554  1554 D BoundBrokerSvc: onUnbind: Intent { act=com.google.android.gms.semanticlocationhistory.federated.FederatedScheduleService.ACTION_TASK_READY dat=chimera-action:/... xflg=0x4 cmp=com.google.android.gms/.chimera.GmsInternalBoundBrokerService }
09-13 23:10:17.596  1554  1554 D BoundBrokerSvc: onRebind: Intent { act=com.google.android.gms.autofill.operation.GpmBiometricsValueMigrationTaskBoundService.ACTION_TASK_READY dat=chimera-action:/... xflg=0x4 cmp=com.google.android.gms/.chimera.GmsInternalBoundBrokerService }
09-13 23:10:17.596  1257  2165 I NetworkScheduler.Stats: Task com.google.android.gms/com.google.android.gms.autofill.operation.GpmBiometricsValueMigrationTaskBoundService started execution. cause:5 exec_start_elapsed_seconds: 91 [CONTEXT service_id=218 ]
09-13 23:10:17.599  1257  1425 I NetworkScheduler.Stats: HousekeepingTask com.google.android.gms/com.google.android.gms.autofill.operation.GpmBiometricsValueMigrationTaskBoundService finished executing. cause:0 result: 1 elapsed_millis: 3 uptime_millis: 3 exec_start_elapsed_seconds: 91 [CONTEXT service_id=218 ]
09-13 23:10:17.599  1554  1554 D BoundBrokerSvc: onUnbind: Intent { act=com.google.android.gms.autofill.operation.GpmBiometricsValueMigrationTaskBoundService.ACTION_TASK_READY dat=chimera-action:/... xflg=0x4 cmp=com.google.android.gms/.chimera.GmsInternalBoundBrokerService }
09-13 23:10:17.603  1554  1554 D BoundBrokerSvc: onRebind: Intent { act=com.google.android.gms.credential.manager.tasks.PasswordChangesSubscriptionTaskBoundService.ACTION_TASK_READY dat=chimera-action:/... xflg=0x4 cmp=com.google.android.gms/.chimera.GmsInternalBoundBrokerService }
09-13 23:10:17.603  1257  1425 I NetworkScheduler.Stats: Task com.google.android.gms/com.google.android.gms.credential.manager.tasks.PasswordChangesSubscriptionTaskBoundService started execution. cause:5 exec_start_elapsed_seconds: 91 [CONTEXT service_id=218 ]
09-13 23:10:17.603  1554  1860 I PasswordChangesSubscrip: Running a task to subscribe to password changes if needed. [CONTEXT service_id=196 ]
09-13 23:10:17.604  1257  1430 I NetworkScheduler.Stats: HousekeepingTask com.google.android.gms/com.google.android.gms.credential.manager.tasks.PasswordChangesSubscriptionTaskBoundService finished executing. cause:0 result: 1 elapsed_millis: 2 uptime_millis: 2 exec_start_elapsed_seconds: 91 [CONTEXT service_id=218 ]
09-13 23:10:17.604  1554  1554 D BoundBrokerSvc: onUnbind: Intent { act=com.google.android.gms.credential.manager.tasks.PasswordChangesSubscriptionTaskBoundService.ACTION_TASK_READY dat=chimera-action:/... xflg=0x4 cmp=com.google.android.gms/.chimera.GmsInternalBoundBrokerService }
09-13 23:10:17.608  1554  1554 D BoundBrokerSvc: onRebind: Intent { act=com.google.android.gms.credential.manager.tasks.PasswordSharingSubscriptionTaskBoundService.ACTION_TASK_READY dat=chimera-action:/... xflg=0x4 cmp=com.google.android.gms/.chimera.GmsInternalBoundBrokerService }
09-13 23:10:17.608  1257  1430 I NetworkScheduler.Stats: Task com.google.android.gms/com.google.android.gms.credential.manager.tasks.PasswordSharingSubscriptionTaskBoundService started execution. cause:5 exec_start_elapsed_seconds: 91 [CONTEXT service_id=218 ]
09-13 23:10:17.609  1554  1673 I PasswordSharingSubscrip: Running a task to subscribe to incoming password sharing invitations if needed. [CONTEXT service_id=196 ]
09-13 23:10:17.609  1257  1425 I NetworkScheduler.Stats: HousekeepingTask com.google.android.gms/com.google.android.gms.credential.manager.tasks.PasswordSharingSubscriptionTaskBoundService finished executing. cause:0 result: 1 elapsed_millis: 1 uptime_millis: 1 exec_start_elapsed_seconds: 91 [CONTEXT service_id=218 ]
09-13 23:10:17.609  1554  1554 D BoundBrokerSvc: onUnbind: Intent { act=com.google.android.gms.credential.manager.tasks.PasswordSharingSubscriptionTaskBoundService.ACTION_TASK_READY dat=chimera-action:/... xflg=0x4 cmp=com.google.android.gms/.chimera.GmsInternalBoundBrokerService }
09-13 23:10:17.612  1554  1554 D BoundBrokerSvc: onRebind: Intent { act=com.google.android.gms.backup.settings.notifications.PhotosBackupMissingPermissionNotificationTask.ACTION_TASK_READY dat=chimera-action:/... xflg=0x4 cmp=com.google.android.gms/.chimera.GmsInternalBoundBrokerService }
09-13 23:10:17.612  1257  1425 I NetworkScheduler.Stats: Task com.google.android.gms/com.google.android.gms.backup.settings.notifications.PhotosBackupMissingPermissionNotificationTask started execution. cause:5 exec_start_elapsed_seconds: 91 [CONTEXT service_id=218 ]
09-13 23:10:17.612  1554  1860 V Backup  : [PhotosBackupMissingPermissionNotificationTask] Running Photos backup missing permission notification task.
09-13 23:10:17.613  1554  1860 V Backup  : [PhotosBackupMissingPermissionNotificationTask] Photos APK state not missing permissions.
09-13 23:10:17.613  1554  1860 V Backup  : [PhotosBackupMissingPermissionNotificationTask] Conditions for notification task not met.
09-13 23:10:17.613  1257  1430 I NetworkScheduler.Stats: HousekeepingTask com.google.android.gms/com.google.android.gms.backup.settings.notifications.PhotosBackupMissingPermissionNotificationTask finished executing. cause:0 result: 1 elapsed_millis: 2 uptime_millis: 2 exec_start_elapsed_seconds: 91 [CONTEXT service_id=218 ]
09-13 23:10:17.614  1554  1554 D BoundBrokerSvc: onUnbind: Intent { act=com.google.android.gms.backup.settings.notifications.PhotosBackupMissingPermissionNotificationTask.ACTION_TASK_READY dat=chimera-action:/... xflg=0x4 cmp=com.google.android.gms/.chimera.GmsInternalBoundBrokerService }
09-13 23:10:17.617  1554  1554 D BoundBrokerSvc: onRebind: Intent { act=com.google.android.gms.semanticlocationhistory.federated.regionfetcher.RegionMddMaintenanceService.ACTION_TASK_READY dat=chimera-action:/... xflg=0x4 cmp=com.google.android.gms/.chimera.GmsInternalBoundBrokerService }
09-13 23:10:17.617  1257  1430 I NetworkScheduler.Stats: Task com.google.android.gms/com.google.android.gms.semanticlocationhistory.federated.regionfetcher.RegionMddMaintenanceService started execution. cause:5 exec_start_elapsed_seconds: 91 [CONTEXT service_id=218 ]
09-13 23:10:17.621  1257  1425 I NetworkScheduler.Stats: HousekeepingTask com.google.android.gms/com.google.android.gms.semanticlocationhistory.federated.regionfetcher.RegionMddMaintenanceService finished executing. cause:0 result: 1 elapsed_millis: 4 uptime_millis: 4 exec_start_elapsed_seconds: 91 [CONTEXT service_id=218 ]
09-13 23:10:17.621  1554  1554 D BoundBrokerSvc: onUnbind: Intent { act=com.google.android.gms.semanticlocationhistory.federated.regionfetcher.RegionMddMaintenanceService.ACTION_TASK_READY dat=chimera-action:/... xflg=0x4 cmp=com.google.android.gms/.chimera.GmsInternalBoundBrokerService }
09-13 23:10:17.622  1257  1425 I NetworkScheduler.Stats: Task com.google.android.gms/com.google.android.gms.scheduler.standalone.housekeeping.HousekeepingTrainTaskService finished executing. cause:5 result: 1 elapsed_millis: 321 uptime_millis: 321 exec_start_elapsed_seconds: 91 [CONTEXT service_id=218 ]
09-13 23:10:17.635   686   736 W IPCThreadState: Sending oneway calls to frozen process.
09-13 23:10:17.689   686   857 D WifiNetworkSelector: Current connected network: 0
09-13 23:10:17.689   686   857 V WifiConnectivityManager: No full band scan because current network is sufficient
09-13 23:10:17.689   686   857 V WifiConnectivityManager: schedulePeriodicScanTimer intervalMs 40000
09-13 23:10:17.689   686   861 I WifiScanningService: Registering listener= com.android.server.wifi.scanner.WifiScannerInternal$ScanListener@1ea542d uid=1000 packageName=null workSource=WorkSource{1000}
09-13 23:10:17.689   686   861 I WifiScanningService: start scan: ClientInfo[uid=1000, package=null, attributionTag=null, com.android.server.wifi.scanner.WifiScannerInternal$ScanListener@1ea542d] package null AttributionTag null
[redacted device/network identity log line]
09-13 23:10:17.690   686   861 D WifiScanningService: replySucceeded onSuccess
09-13 23:10:17.691   940   940 D wpa_supplicant: nl80211: Drv Event 33 (NL80211_CMD_TRIGGER_SCAN) received for wlan0
09-13 23:10:17.691   940   940 D wpa_supplicant: wlan0: nl80211: Scan trigger
09-13 23:10:17.691   940   940 D wpa_supplicant: wlan0: Event SCAN_STARTED (47) received
09-13 23:10:17.691   940   940 D wpa_supplicant: wlan0: External program started a scan
09-13 23:10:17.744   686  2028 D WifiNl80211Manager: Scan result ready event
09-13 23:10:17.744   940   940 D wpa_supplicant: nl80211: Drv Event 34 (NL80211_CMD_NEW_SCAN_RESULTS) received for wlan0
09-13 23:10:17.744   686  2028 D WifiNative: Scan result ready event
09-13 23:10:17.744   940   940 D wpa_supplicant: wlan0: nl80211: New scan results available
[redacted device/network identity log line]
09-13 23:10:17.744   940   940 D wpa_supplicant: nl80211: Scan included frequencies: 2447
09-13 23:10:17.744   940   940 D wpa_supplicant: wlan0: Event SCAN_RESULTS (3) received
09-13 23:10:17.744   940   940 D wpa_supplicant: nl80211: Received scan results (1 BSSes)
09-13 23:10:17.744   940   940 D wpa_supplicant: nl80211: Scan results indicate BSS status with 00:13:10:85:fe:01 as associated
09-13 23:10:17.744   940   940 D wpa_supplicant: wlan0: BSS: Start scan result update 3
09-13 23:10:17.744   940   940 D wpa_supplicant: BSS: last_scan_res_used=1/32
09-13 23:10:17.744   940   940 D wpa_supplicant: wlan0: New scan results available (own=0 ext=1)
09-13 23:10:17.744   940   940 D wpa_supplicant: wlan0: Do not use results from externally requested scan operation for network selection
09-13 23:10:17.744   940   940 D wpa_supplicant: p2p-dev-wlan0: Updating scan results from sibling
09-13 23:10:17.744   686   861 D WifiNl80211Manager: get 1 scan results from wificond
09-13 23:10:17.744   940   940 D wpa_supplicant: nl80211: Received scan results (1 BSSes)
09-13 23:10:17.744   940   940 D wpa_supplicant: p2p-dev-wlan0: BSS: Start scan result update 3
09-13 23:10:17.744   940   940 D wpa_supplicant: BSS: last_scan_res_used=1/32
09-13 23:10:17.744   940   940 D wpa_supplicant: p2p-dev-wlan0: New scan results available (own=0 ext=1)
09-13 23:10:17.744   940   940 D wpa_supplicant: p2p-dev-wlan0: Do not use results from externally requested scan operation for network selection
09-13 23:10:17.744   686   861 D WifiNative: get 1 scan results from wificond
09-13 23:10:17.744  1257  1267 I WifiScanner: onFullResults
09-13 23:10:17.744   686   861 I WifiScanningService: singleScanResults: ClientInfo[uid=1000, package=null, attributionTag=null, com.android.server.wifi.scanner.WifiScannerInternal$ScanListener@1ea542d],results=1
09-13 23:10:17.744   686   861 I WifiScanningService: singleScanResults listener: ClientInfo[uid=1000, package=android, attributionTag=null, com.android.server.wifi.scanner.WifiScannerInternal$ScanListener@bec3696],results=1
09-13 23:10:17.744   686   861 I WifiScanningService: singleScanResults listener: ClientInfo[uid=1000, package=android, attributionTag=null, com.android.server.wifi.scanner.WifiScannerInternal$ScanListener@7bc9cc],results=1
09-13 23:10:17.744   686   857 D WifiScanRequestProxy: Scan results received
09-13 23:10:17.744   686   861 I WifiScanningService: singleScanResults listener: ClientInfo[uid=1000, package=android, attributionTag=null, com.android.server.wifi.scanner.WifiScannerInternal$ScanListener@5f6f34a],results=1
09-13 23:10:17.744   686   857 D WifiScanRequestProxy: Received 1 scan results
09-13 23:10:17.744   686   861 I WifiScanningService: singleScanResults listener: ClientInfo[uid=10146, package=com.google.android.gms, attributionTag=network_location_provider, android.net.wifi.IWifiScannerListener$Stub$Proxy@122e2b1],results=1
09-13 23:10:17.744   686   861 I WifiScanningService: Unregistering listener= com.android.server.wifi.scanner.WifiScannerInternal$ScanListener@1ea542d uid=1000 packageName=null workSource=WorkSource{1000}
09-13 23:10:17.745   686   857 I HalDevMgr: bestIfaceCreationProposal is null, requestIface=STA, existingIface=[name=wlan0 type=STA]
09-13 23:10:17.745   686   857 V WifiConnectivityManager: AllSingleScanListener onResults: start network selection
09-13 23:10:17.745   686   857 V WifiConfigManager: getSavedNetworkFromScanResult Found "AndroidWifi"NONE for AndroidWifi[[ESS]]
09-13 23:10:17.745   686   857 D WifiNetworkSelector: Current connected network: 0
09-13 23:10:17.745   686   857 D WifiNetworkSelector: wlan0: Current connected network already sufficient. Skip network selection.
09-13 23:10:17.745   686   857 V WifiLastResortWatchdog: updateAvailableNetworks: size = 0
09-13 23:10:17.745   686   857 V WifiLastResortWatchdog: mWatchdogFeatureEnabled: true
09-13 23:10:17.745   686   857 V WifiLastResortWatchdog: mWatchdogAllowedToTrigger: true
09-13 23:10:17.745   686   857 V WifiLastResortWatchdog: mRecentAvailableNetworks: 1
09-13 23:10:17.745   686   857 V WifiLastResortWatchdog:  00:13:10:85:fe:01: "AndroidWifi" HasEverConnected: true, Failures: {Assoc: 0, Auth: 0, Dhcp: 0}, Age: 2
[redacted device/network identity log line]
09-13 23:10:17.745   686   857 V WifiLastResortWatchdog: "AndroidWifi": 1, HasEverConnected: true, Failures: {Assoc: 0, Auth: 0, Dhcp: 0}
09-13 23:10:17.745   686   857 V WifiConnectivityManager: AllSingleScanListener:  No candidates
09-13 23:10:17.772   466   510 I netd    : tetherGetStats() -> {[]} <0.51ms>
09-13 23:10:17.817   686   736 D OomAdjuster: Not killing cached processes
09-13 23:10:18.041  1257  1257 D BoundBrokerSvc: onUnbind: Intent { act=com.google.android.gms.pseudonymous.service.START xflg=0x4 pkg=com.google.android.gms }
09-13 23:10:18.201  1257  1257 D BoundBrokerSvc: onUnbind: Intent { act=com.google.android.gms.common.telemetry.service.START dat=chimera-action:/... xflg=0x4 cmp=com.google.android.gms/.chimera.PersistentApiService }
09-13 23:10:18.301  2789  4224 D downloader2: Got URL response, starting to read response body. uri=https://www.gstatic.com/mdi-serving/rubidium-adservices-ui-ota-strings/4265/91ac5d17ab9f2445a3462f98f5249a73e9b0e235
09-13 23:10:18.305  2789  2927 D downloader2: Response body written. bytesWritten=267, uri=https://www.gstatic.com/mdi-serving/rubidium-adservices-ui-ota-strings/4265/91ac5d17ab9f2445a3462f98f5249a73e9b0e235
09-13 23:10:18.305  2789  2927 D downloader2: Download complete, running queued downloads: https://www.gstatic.com/mdi-serving/rubidium-adservices-ui-ota-strings/4265/91ac5d17ab9f2445a3462f98f5249a73e9b0e235
09-13 23:10:18.306  2789  2927 D downloader2: Queued download completed, running queued downloads: https://www.gstatic.com/mdi-serving/rubidium-adservices-ui-ota-strings/4265/91ac5d17ab9f2445a3462f98f5249a73e9b0e235
09-13 23:10:18.319  2789  4220 D downloader2: New request enqueued, running queue: https://www.gstatic.com/mdi-serving/rubidium-adservices-ui-ota-strings/4265/91ac5d17ab9f2445a3462f98f5249a73e9b0e235
09-13 23:10:18.319  2789  4220 D downloader2: Connectivity satisfied; running request. uri=https://www.gstatic.com/mdi-serving/rubidium-adservices-ui-ota-strings/4265/91ac5d17ab9f2445a3462f98f5249a73e9b0e235
09-13 23:10:18.379  2789  2926 D downloader2: Got URL response, starting to read response body. uri=https://www.gstatic.com/mdi-serving/rubidium-adservices-ui-ota-strings/4265/91ac5d17ab9f2445a3462f98f5249a73e9b0e235
09-13 23:10:18.380  2789  2927 D downloader2: Response body written. bytesWritten=267, uri=https://www.gstatic.com/mdi-serving/rubidium-adservices-ui-ota-strings/4265/91ac5d17ab9f2445a3462f98f5249a73e9b0e235
09-13 23:10:18.381  2789  2927 D downloader2: Download complete, running queued downloads: https://www.gstatic.com/mdi-serving/rubidium-adservices-ui-ota-strings/4265/91ac5d17ab9f2445a3462f98f5249a73e9b0e235
09-13 23:10:18.381  2789  2927 D downloader2: Queued download completed, running queued downloads: https://www.gstatic.com/mdi-serving/rubidium-adservices-ui-ota-strings/4265/91ac5d17ab9f2445a3462f98f5249a73e9b0e235
09-13 23:10:18.389  2789  4221 D downloader2: New request enqueued, running queue: https://www.gstatic.com/mdi-serving/rubidium-adservices-ui-ota-strings/4265/91ac5d17ab9f2445a3462f98f5249a73e9b0e235
09-13 23:10:18.389  2789  4221 D downloader2: Connectivity satisfied; running request. uri=https://www.gstatic.com/mdi-serving/rubidium-adservices-ui-ota-strings/4265/91ac5d17ab9f2445a3462f98f5249a73e9b0e235
09-13 23:10:18.391  2789  4219 D downloader2: New request enqueued, running queue: https://dl.google.com/mdi-serving/rubidium-adservices-ui-ota-strings/4265/5d0b7be6dd7463ede9f282a2bcd455d035ac68f9
09-13 23:10:18.391  2789  4219 D downloader2: Connectivity satisfied; running request. uri=https://dl.google.com/mdi-serving/rubidium-adservices-ui-ota-strings/4265/5d0b7be6dd7463ede9f282a2bcd455d035ac68f9
09-13 23:10:18.391  2789  4219 I downloader2: Exceeded max concurrent downloads, not running another queued request
09-13 23:10:18.392   466  4239 I resolv  : GetAddrInfoHandler::run: {101 101 101 983141 10202 0}
09-13 23:10:18.392   466  4240 I resolv  : res_nmkquery: (QUERY, IN, AAAA)
09-13 23:10:18.392   466  4241 I resolv  : res_nmkquery: (QUERY, IN, A)
09-13 23:10:18.399   686   736 W IPCThreadState: Sending oneway calls to frozen process.
09-13 23:10:18.401   466  4241 I resolv  : res_nsend: used send_dg 47 terrno: 0
09-13 23:10:18.401   466  4241 I resolv  : doQuery: rcode=0, ancount=1, return value=47
09-13 23:10:18.401   466  4240 I resolv  : res_nsend: used send_dg 59 terrno: 0
09-13 23:10:18.401   466  4240 I resolv  : doQuery: rcode=0, ancount=1, return value=59
09-13 23:10:18.413   686   736 W IPCThreadState: Sending oneway calls to frozen process.
09-13 23:10:18.448  2789  4238 D downloader2: Got URL response, starting to read response body. uri=https://www.gstatic.com/mdi-serving/rubidium-adservices-ui-ota-strings/4265/91ac5d17ab9f2445a3462f98f5249a73e9b0e235
09-13 23:10:18.451  2789  2927 D downloader2: Response body written. bytesWritten=267, uri=https://www.gstatic.com/mdi-serving/rubidium-adservices-ui-ota-strings/4265/91ac5d17ab9f2445a3462f98f5249a73e9b0e235
09-13 23:10:18.451  2789  2927 D downloader2: Download complete, running queued downloads: https://www.gstatic.com/mdi-serving/rubidium-adservices-ui-ota-strings/4265/91ac5d17ab9f2445a3462f98f5249a73e9b0e235
09-13 23:10:18.451  2789  2927 I downloader2: Exceeded max concurrent downloads, not running another queued request
09-13 23:10:18.452  2789  2927 D downloader2: Queued download completed, running queued downloads: https://www.gstatic.com/mdi-serving/rubidium-adservices-ui-ota-strings/4265/91ac5d17ab9f2445a3462f98f5249a73e9b0e235
09-13 23:10:18.457  2789  4220 D downloader2: New request enqueued, running queue: https://www.gstatic.com/mdi-serving/rubidium-adservices-ui-ota-strings/4265/91ac5d17ab9f2445a3462f98f5249a73e9b0e235
09-13 23:10:18.457  2789  4220 D downloader2: Connectivity satisfied; running request. uri=https://www.gstatic.com/mdi-serving/rubidium-adservices-ui-ota-strings/4265/91ac5d17ab9f2445a3462f98f5249a73e9b0e235
09-13 23:10:18.457  2789  4220 I downloader2: Exceeded max concurrent downloads, not running another queued request
09-13 23:10:18.458  2789  2927 D ErrorCodeSampler: Logging error code: 17 for the sample interval 100: false
09-13 23:10:18.512   686   863 D InetDiagMessage: Destroyed 0 sockets, proto=IPPROTO_TCP, family=AF_INET, states=14
09-13 23:10:18.513   686   863 D InetDiagMessage: Destroyed 1 sockets, proto=IPPROTO_TCP, family=AF_INET6, states=14
09-13 23:10:18.513   686   863 D InetDiagMessage: Destroyed live tcp sockets for uids={10218} in 1ms
09-13 23:10:18.513   686   863 D InetDiagMessage: Destroyed 0 sockets, proto=IPPROTO_TCP, family=AF_INET, states=14
09-13 23:10:18.514   686   863 D InetDiagMessage: Destroyed 0 sockets, proto=IPPROTO_TCP, family=AF_INET6, states=14
09-13 23:10:18.514   686   863 D InetDiagMessage: Destroyed live tcp sockets for uids={20218} in 1ms
09-13 23:10:18.515  2789  2927 D downloader2: Got URL response, starting to read response body. uri=https://www.gstatic.com/mdi-serving/rubidium-adservices-ui-ota-strings/4265/91ac5d17ab9f2445a3462f98f5249a73e9b0e235
09-13 23:10:18.517  2789  4242 D downloader2: Response body written. bytesWritten=267, uri=https://www.gstatic.com/mdi-serving/rubidium-adservices-ui-ota-strings/4265/91ac5d17ab9f2445a3462f98f5249a73e9b0e235
09-13 23:10:18.517  2789  4242 D downloader2: Download complete, running queued downloads: https://www.gstatic.com/mdi-serving/rubidium-adservices-ui-ota-strings/4265/91ac5d17ab9f2445a3462f98f5249a73e9b0e235
09-13 23:10:18.517  2789  4242 I downloader2: Exceeded max concurrent downloads, not running another queued request
09-13 23:10:18.517  2789  4224 D downloader2: Queued download completed, running queued downloads: https://www.gstatic.com/mdi-serving/rubidium-adservices-ui-ota-strings/4265/91ac5d17ab9f2445a3462f98f5249a73e9b0e235
09-13 23:10:18.521  2789  4242 D ErrorCodeSampler: Logging error code: 17 for the sample interval 100: false
09-13 23:10:18.566  1554  1554 I GmsThreadNetwork: [BorderAgentScannerImpl] Sent Border Agent mDNS service query (transactionId = 2) [CONTEXT service_id=305 ]
09-13 23:10:18.862  2789  4242 D downloader2: Got URL response, starting to read response body. uri=https://dl.google.com/mdi-serving/rubidium-adservices-ui-ota-strings/4265/5d0b7be6dd7463ede9f282a2bcd455d035ac68f9
[redacted device/network identity log line]
09-13 23:10:18.890   686   863 D InetDiagMessage: Destroyed 0 sockets, proto=IPPROTO_TCP, family=AF_INET, states=14
09-13 23:10:18.890   686   863 D InetDiagMessage: Destroyed 0 sockets, proto=IPPROTO_TCP, family=AF_INET6, states=14
09-13 23:10:18.890   686   863 D InetDiagMessage: Destroyed live tcp sockets for uids={10143} in 1ms
09-13 23:10:18.896   686   736 W IPCThreadState: Sending oneway calls to frozen process.
09-13 23:10:18.959  2789  2926 D downloader2: Response body written. bytesWritten=10847788, uri=https://dl.google.com/mdi-serving/rubidium-adservices-ui-ota-strings/4265/5d0b7be6dd7463ede9f282a2bcd455d035ac68f9
09-13 23:10:18.959  2789  2926 D downloader2: Download complete, running queued downloads: https://dl.google.com/mdi-serving/rubidium-adservices-ui-ota-strings/4265/5d0b7be6dd7463ede9f282a2bcd455d035ac68f9
09-13 23:10:18.959  2789  2927 D downloader2: Queued download completed, running queued downloads: https://dl.google.com/mdi-serving/rubidium-adservices-ui-ota-strings/4265/5d0b7be6dd7463ede9f282a2bcd455d035ac68f9
09-13 23:10:18.982  2789  4220 D downloader2: New request enqueued, running queue: https://www.gstatic.com/mdi-serving/rubidium-adservices-ui-ota-strings/4265/91ac5d17ab9f2445a3462f98f5249a73e9b0e235
09-13 23:10:18.982  2789  4220 D downloader2: Connectivity satisfied; running request. uri=https://www.gstatic.com/mdi-serving/rubidium-adservices-ui-ota-strings/4265/91ac5d17ab9f2445a3462f98f5249a73e9b0e235
09-13 23:10:19.043  2789  4242 D downloader2: Got URL response, starting to read response body. uri=https://www.gstatic.com/mdi-serving/rubidium-adservices-ui-ota-strings/4265/91ac5d17ab9f2445a3462f98f5249a73e9b0e235
09-13 23:10:19.044  2789  2927 D downloader2: Response body written. bytesWritten=267, uri=https://www.gstatic.com/mdi-serving/rubidium-adservices-ui-ota-strings/4265/91ac5d17ab9f2445a3462f98f5249a73e9b0e235
09-13 23:10:19.044  2789  2927 D downloader2: Download complete, running queued downloads: https://www.gstatic.com/mdi-serving/rubidium-adservices-ui-ota-strings/4265/91ac5d17ab9f2445a3462f98f5249a73e9b0e235
09-13 23:10:19.045  2789  4238 D downloader2: Queued download completed, running queued downloads: https://www.gstatic.com/mdi-serving/rubidium-adservices-ui-ota-strings/4265/91ac5d17ab9f2445a3462f98f5249a73e9b0e235
09-13 23:10:19.048  2789  4238 D ErrorCodeSampler: Logging error code: 17 for the sample interval 100: false
[redacted device/network identity log line]
09-13 23:10:19.059   686   857 D WifiDataStall: tx tput in kbps: 11000
09-13 23:10:19.059   686   857 D WifiDataStall: rx tput in kbps: 11000
[redacted device/network identity log line]
09-13 23:10:19.059   686   857 D WifiThroughputPredictor:  utilization (LLS) 80 isBluetoothConnected: false final utilization: 80
09-13 23:10:19.059   686   857 D WifiThroughputPredictor:  BW: 0 RSSI: -50 Nss: 1 Mode: 1 symDur: 4000 snrDb 30 bitPerTone: 4500 rate: 54 throughput: 11
09-13 23:10:19.059   686   857 D WifiThroughputPredictor:  utilization (LLS) 80 isBluetoothConnected: false final utilization: 80
09-13 23:10:19.059   686   857 D WifiThroughputPredictor:  BW: 0 RSSI: -50 Nss: 1 Mode: 1 symDur: 4000 snrDb 30 bitPerTone: 4500 rate: 54 throughput: 11
09-13 23:10:19.059   686   857 D WifiThroughputPredictor:  utilization (LLS) 80 isBluetoothConnected: false final utilization: 80
09-13 23:10:19.059   686   857 D WifiThroughputPredictor:  BW: 0 RSSI: -50 Nss: 1 Mode: 1 symDur: 4000 snrDb 30 bitPerTone: 4500 rate: 54 throughput: 11
09-13 23:10:19.059   686   857 D WifiThroughputPredictor:  utilization (LLS) 80 isBluetoothConnected: false final utilization: 80
09-13 23:10:19.059   686   857 D WifiThroughputPredictor:  BW: 0 RSSI: -50 Nss: 1 Mode: 1 symDur: 4000 snrDb 30 bitPerTone: 4500 rate: 54 throughput: 11
[redacted device/network identity log line]
[redacted device/network identity log line]
[redacted device/network identity log line]
[redacted device/network identity log line]
09-13 23:10:19.190   686   800 D ActivityManager: freezing 1384 com.google.android.dialer
09-13 23:10:19.191   686   863 D InetDiagMessage: Destroyed 0 sockets, proto=IPPROTO_TCP, family=AF_INET, states=14
09-13 23:10:19.191   686   863 D InetDiagMessage: Destroyed 0 sockets, proto=IPPROTO_TCP, family=AF_INET6, states=14
09-13 23:10:19.191   686   863 D InetDiagMessage: Destroyed live tcp sockets for uids={10136} in 0ms
09-13 23:10:19.231   686   863 D InetDiagMessage: Destroyed 0 sockets, proto=IPPROTO_TCP, family=AF_INET, states=14
09-13 23:10:19.231   686   863 D InetDiagMessage: Destroyed 0 sockets, proto=IPPROTO_TCP, family=AF_INET6, states=14
09-13 23:10:19.231   686   863 D InetDiagMessage: Destroyed live tcp sockets for uids={10135} in 0ms
09-13 23:10:19.231   686   863 D InetDiagMessage: Destroyed 0 sockets, proto=IPPROTO_TCP, family=AF_INET, states=14
09-13 23:10:19.232   686   863 D InetDiagMessage: Destroyed 0 sockets, proto=IPPROTO_TCP, family=AF_INET6, states=14
09-13 23:10:19.232   686   863 D InetDiagMessage: Destroyed live tcp sockets for uids={20135} in 1ms
09-13 23:10:19.421   686  2373 I WifiService: getWifiEnabledState uid=10147 state=3
09-13 23:10:19.422   686   863 D ConnectivityService: reportNetworkConnectivity(101, false) by 10147
09-13 23:10:19.422  1021  2196 D NetworkMonitor/101: Forcing reevaluation for UID 10147. Dns signal count: 0
09-13 23:10:19.424   466  4246 I resolv  : ResNSendHandler::run: 0 / {101 983141 101 983141 1073 1}
09-13 23:10:19.424   466  4246 I resolv  : resolv_cache_lookup: FOUND IN CACHE entry=0x73be5d69ba90
09-13 23:10:19.424   466  4247 I resolv  : ResNSendHandler::run: 0 / {101 983141 101 983141 1073 1}
09-13 23:10:19.424   466  4247 I resolv  : resolv_cache_lookup: FOUND IN CACHE entry=0x73bd6d69b7f0
09-13 23:10:19.426   466  4248 I resolv  : ResNSendHandler::run: 0 / {101 983141 101 983141 1073 1}
09-13 23:10:19.426   466  4248 I resolv  : resolv_cache_lookup: FOUND IN CACHE entry=0x73bcad6a7850
09-13 23:10:19.426   466  4249 I resolv  : ResNSendHandler::run: 0 / {101 983141 101 983141 1073 1}
09-13 23:10:19.429  1021  4244 D NetworkMonitor/101: PROBE_DNS www.google.com 6ms OK 142.251.152.119,142.251.151.119,142.251.156.119,142.251.154.119,142.251.150.119,142.251.153.119,142.251.155.119,142.251.157.119,2001:4860:482d:7700::,2001:4860:482c:7700::,2001:4860:482b:7700::,2001:4860:4828:7700::,2001:4860:4829:7700::,2001:4860:482a:7700::,2001:4860:4826:7700::,2001:4860:4827:7700::
09-13 23:10:19.430   466  4250 I resolv  : GetAddrInfoHandler::run: {101 983141 101 983141 1073 1}
09-13 23:10:19.430   466  4251 I resolv  : res_nmkquery: (QUERY, IN, AAAA)
09-13 23:10:19.430   466  4251 I resolv  : resolv_cache_lookup: FOUND IN CACHE entry=0x73be5d69ba90
09-13 23:10:19.430   466  4251 I resolv  : doQuery: rcode=0, ancount=8, return value=256
09-13 23:10:19.430   466  4252 I resolv  : res_nmkquery: (QUERY, IN, A)
09-13 23:10:19.430   466  4252 I resolv  : resolv_cache_lookup: FOUND IN CACHE entry=0x73bcad6a7850
09-13 23:10:19.430   466  4252 I resolv  : doQuery: rcode=0, ancount=8, return value=160
09-13 23:10:19.493   466  4249 I resolv  : res_nsend: used send_dg 63 terrno: 0
09-13 23:10:19.495  1021  4245 D NetworkMonitor/101: PROBE_DNS connectivitycheck.gstatic.com 71ms OK 142.251.223.227,2404:6800:4007:833::2003
09-13 23:10:19.495   466  4253 I resolv  : GetAddrInfoHandler::run: {101 983141 101 983141 1073 1}
09-13 23:10:19.495   466  4254 I resolv  : res_nmkquery: (QUERY, IN, AAAA)
09-13 23:10:19.495   466  4255 I resolv  : res_nmkquery: (QUERY, IN, A)
09-13 23:10:19.495   466  4254 I resolv  : resolv_cache_lookup: FOUND IN CACHE entry=0x73bd6d69b7f0
09-13 23:10:19.495   466  4254 I resolv  : doQuery: rcode=0, ancount=1, return value=75
09-13 23:10:19.495   466  4255 I resolv  : resolv_cache_lookup: FOUND IN CACHE entry=0x73bd6d69b0f0
09-13 23:10:19.495   466  4255 I resolv  : doQuery: rcode=0, ancount=1, return value=63
09-13 23:10:19.500   466   510 I netd    : tetherGetStats() -> {[]} <0.22ms>
09-13 23:10:19.567  1554  1554 I GmsThreadNetwork: [BorderAgentScannerImpl] Sent Border Agent mDNS service query (transactionId = 3) [CONTEXT service_id=305 ]
09-13 23:10:19.692   686   736 W IPCThreadState: Sending oneway calls to frozen process.
09-13 23:10:19.820  1021  4244 D NetworkMonitor/101: PROBE_HTTPS https://www.google.com/generate_204 time=391ms ret=204 request={Connection=[close], User-Agent=[Mozilla/5.0 (X11; Linux x86_64) AppleWebKit/537.36 (KHTML, like Gecko) Chrome/60.0.3112.32 Safari/537.36]} headers={null=[HTTP/1.1 204 No Content], Alt-Svc=[h3=":443"; ma=2592000,h3-29=":443"; ma=2592000], Connection=[close], Content-Length=[0], Cross-Origin-Resource-Policy=[cross-origin], Date=[Sun, 13 Sep 2026 17:40:20 GMT], X-Android-Received-Millis=[1789321219820], X-Android-Response-Source=[NETWORK 204], X-Android-Selected-Protocol=[http/1.1], X-Android-Sent-Millis=[1789321219768]}
09-13 23:10:19.821  1021  4245 D NetworkMonitor/101: PROBE_HTTP http://connectivitycheck.gstatic.com/generate_204 time=325ms ret=204 request={Connection=[close], User-Agent=[Mozilla/5.0 (X11; Linux x86_64) AppleWebKit/537.36 (KHTML, like Gecko) Chrome/60.0.3112.32 Safari/537.36]} headers={null=[HTTP/1.1 204 No Content], Connection=[close], Content-Length=[0], Cross-Origin-Resource-Policy=[cross-origin], Date=[Sun, 13 Sep 2026 17:40:20 GMT], X-Android-Received-Millis=[1789321219820], X-Android-Response-Source=[NETWORK 204], X-Android-Selected-Protocol=[http/1.1], X-Android-Sent-Millis=[1789321219767]}
09-13 23:10:19.821  1021  4243 D NetworkMonitor/101: isCaptivePortal: isSuccessful()=true isPortal()=false RedirectUrl=null isPartialConnectivity()=false Time=398ms
09-13 23:10:19.821   686   863 D ConnectivityService: [101 WIFI] validation passed
09-13 23:10:19.927   686   800 D ActivityManager: freezing 2680 com.android.camera2
09-13 23:10:19.928   686   863 D InetDiagMessage: Destroyed 0 sockets, proto=IPPROTO_TCP, family=AF_INET, states=14
09-13 23:10:19.928   686   863 D InetDiagMessage: Destroyed 0 sockets, proto=IPPROTO_TCP, family=AF_INET6, states=14
09-13 23:10:19.928   686   863 D InetDiagMessage: Destroyed live tcp sockets for uids={10154} in 1ms
09-13 23:10:20.242   686   800 D ActivityManager: freezing 1864 com.google.android.apps.safetyhub
09-13 23:10:20.242   686   863 D InetDiagMessage: Destroyed 0 sockets, proto=IPPROTO_TCP, family=AF_INET, states=14
09-13 23:10:20.243   686   863 D InetDiagMessage: Destroyed 1 sockets, proto=IPPROTO_TCP, family=AF_INET6, states=14
09-13 23:10:20.243   686   863 D InetDiagMessage: Destroyed live tcp sockets for uids={10137} in 1ms
09-13 23:10:20.555  1554  1840 I GmsThreadNetwork: [BorderAgentScannerImpl] Stopping mDNS service browser [CONTEXT service_id=305 ]
09-13 23:10:20.555  1554  1840 W GmsThreadNetwork: [BorderRouterSynchronizer] No Google account found [CONTEXT service_id=305 ]
09-13 23:10:20.556   686  1198 I WifiService: releaseMulticastLock uid=10146 tag=mdns-cast
09-13 23:10:20.556  1257  2165 I NetworkScheduler.Stats: HousekeepingTask com.google.android.gms/com.google.android.gms.threadnetwork.credentials.firstparty.BorderRouterSyncBoundService finished executing. cause:0 result: 1 elapsed_millis: 3004 uptime_millis: 3004 exec_start_elapsed_seconds: 91 [CONTEXT service_id=218 ]
09-13 23:10:20.557  1554  1554 D BoundBrokerSvc: onUnbind: Intent { act=com.google.android.gms.threadnetwork.credentials.firstparty.BorderRouterSyncBoundService.ACTION_TASK_READY dat=chimera-action:/... xflg=0x4 cmp=com.google.android.gms/.chimera.GmsInternalBoundBrokerService }
09-13 23:10:20.559  1021  1213 D IpClient.wlan0: set max DTIM multiplier to 2
09-13 23:10:20.559   686   857 D WifiVendorHal: installPacketFilter filter length 1844
[redacted device/network identity log line]
09-13 23:10:20.559   686   857 E WifiStaIfaceAidlImpl: setDtimMultiplier failed with service-specific exception: android.os.ServiceSpecificException:  (code 4)
[redacted device/network identity log line]
[redacted device/network identity log line]
09-13 23:10:20.560  1257  1257 D BoundBrokerSvc: onUnbind: Intent { act=com.google.android.gms.scheduler.standalone.housekeeping.HousekeepingTrainTaskService.ACTION_TASK_READY dat=chimera-action:/... xflg=0x4 cmp=com.google.android.gms/.chimera.PersistentInternalBoundBrokerService }
09-13 23:10:20.560  1257  1430 I NetworkScheduler.Stats: Task com.google.android.gms/com.google.android.gms.scheduler.standalone.housekeeping.HousekeepingTrainTaskService finished executing. cause:5 result: 1 elapsed_millis: 3025 uptime_millis: 3025 exec_start_elapsed_seconds: 91 [CONTEXT service_id=218 ]
09-13 23:10:20.854   686   863 D InetDiagMessage: Destroyed 0 sockets, proto=IPPROTO_TCP, family=AF_INET, states=14
09-13 23:10:20.854   686   863 D InetDiagMessage: Destroyed 0 sockets, proto=IPPROTO_TCP, family=AF_INET6, states=14
09-13 23:10:20.854   686   863 D InetDiagMessage: Destroyed live tcp sockets for uids={10186} in 0ms
09-13 23:10:20.854   686   863 D InetDiagMessage: Destroyed 0 sockets, proto=IPPROTO_TCP, family=AF_INET, states=14
09-13 23:10:20.854   686   863 D InetDiagMessage: Destroyed 0 sockets, proto=IPPROTO_TCP, family=AF_INET6, states=14
09-13 23:10:20.854   686   863 D InetDiagMessage: Destroyed live tcp sockets for uids={20186} in 1ms
09-13 23:10:21.037   686   800 D ActivityManager: freezing 2746 com.android.devicediagnostics
09-13 23:10:21.037   686   863 D InetDiagMessage: Destroyed 0 sockets, proto=IPPROTO_TCP, family=AF_INET, states=14
09-13 23:10:21.038   686   863 D InetDiagMessage: Destroyed 0 sockets, proto=IPPROTO_TCP, family=AF_INET6, states=14
09-13 23:10:21.038   686   863 D InetDiagMessage: Destroyed live tcp sockets for uids={10111} in 1ms
09-13 23:10:21.320  1744  3732 W abht    : (REDACTED) [%s] response code: %d
09-13 23:10:21.992   466   510 I netd    : tetherGetStats() -> {[]} <0.30ms>
[redacted device/network identity log line]
09-13 23:10:22.062   686   857 D WifiDataStall: tx tput in kbps: 11000
09-13 23:10:22.062   686   857 D WifiDataStall: rx tput in kbps: 11000
[redacted device/network identity log line]
09-13 23:10:22.062   686   857 D WifiThroughputPredictor:  utilization (LLS) 80 isBluetoothConnected: false final utilization: 80
09-13 23:10:22.062   686   857 D WifiThroughputPredictor:  BW: 0 RSSI: -50 Nss: 1 Mode: 1 symDur: 4000 snrDb 30 bitPerTone: 4500 rate: 54 throughput: 11
09-13 23:10:22.062   686   857 D WifiThroughputPredictor:  utilization (LLS) 80 isBluetoothConnected: false final utilization: 80
09-13 23:10:22.062   686   857 D WifiThroughputPredictor:  BW: 0 RSSI: -50 Nss: 1 Mode: 1 symDur: 4000 snrDb 30 bitPerTone: 4500 rate: 54 throughput: 11
09-13 23:10:22.062   686   857 D WifiThroughputPredictor:  utilization (LLS) 80 isBluetoothConnected: false final utilization: 80
09-13 23:10:22.062   686   857 D WifiThroughputPredictor:  BW: 0 RSSI: -50 Nss: 1 Mode: 1 symDur: 4000 snrDb 30 bitPerTone: 4500 rate: 54 throughput: 11
09-13 23:10:22.062   686   857 D WifiThroughputPredictor:  utilization (LLS) 80 isBluetoothConnected: false final utilization: 80
09-13 23:10:22.062   686   857 D WifiThroughputPredictor:  BW: 0 RSSI: -50 Nss: 1 Mode: 1 symDur: 4000 snrDb 30 bitPerTone: 4500 rate: 54 throughput: 11
[redacted device/network identity log line]
[redacted device/network identity log line]
[redacted device/network identity log line]
[redacted device/network identity log line]
09-13 23:10:22.081   258  2898 I keystore2: system/security/keystore2/watchdog/src/lib.rs:377 - Watchdog thread idle -> terminating. Have a great day.
09-13 23:10:22.199   686   800 D ActivityManager: freezing 2861 com.android.managedprovisioning
09-13 23:10:22.199   686   863 D InetDiagMessage: Destroyed 0 sockets, proto=IPPROTO_TCP, family=AF_INET, states=14
09-13 23:10:22.200   686   863 D InetDiagMessage: Destroyed 0 sockets, proto=IPPROTO_TCP, family=AF_INET6, states=14
09-13 23:10:22.200   686   863 D InetDiagMessage: Destroyed live tcp sockets for uids={10109} in 1ms
09-13 23:10:22.360  1257  1257 D BoundBrokerSvc: onUnbind: Intent { act=com.google.android.gms.icing.LIGHTWEIGHT_INDEX_SERVICE dat=chimera-action:/... xflg=0x4 cmp=com.google.android.gms/.chimera.PersistentApiService }
09-13 23:10:22.606   686   800 D ActivityManager: freezing 2904 com.android.providers.calendar
09-13 23:10:22.607   686   863 D InetDiagMessage: Destroyed 0 sockets, proto=IPPROTO_TCP, family=AF_INET, states=14
09-13 23:10:22.607   686   863 D InetDiagMessage: Destroyed 0 sockets, proto=IPPROTO_TCP, family=AF_INET6, states=14
09-13 23:10:22.607   686   863 D InetDiagMessage: Destroyed live tcp sockets for uids={10099} in 0ms
09-13 23:10:22.755   686   863 D InetDiagMessage: Destroyed 0 sockets, proto=IPPROTO_TCP, family=AF_INET, states=14
09-13 23:10:22.755   686   863 D InetDiagMessage: Destroyed 0 sockets, proto=IPPROTO_TCP, family=AF_INET6, states=14
09-13 23:10:22.755   686   863 D InetDiagMessage: Destroyed live tcp sockets for uids={10140} in 1ms
09-13 23:10:22.756   686   863 D InetDiagMessage: Destroyed 0 sockets, proto=IPPROTO_TCP, family=AF_INET, states=14
09-13 23:10:22.756   686   863 D InetDiagMessage: Destroyed 0 sockets, proto=IPPROTO_TCP, family=AF_INET6, states=14
09-13 23:10:22.756   686   863 D InetDiagMessage: Destroyed live tcp sockets for uids={20140} in 0ms
09-13 23:10:22.756  1066  1297 D SatelliteController: iisInCarrierRoamingNbIotNtn: satellite is disabled
09-13 23:10:22.791   686   800 D ActivityManager: freezing 1884 com.android.keychain
09-13 23:10:22.792   686   800 D ActivityManager: freezing 2849 com.android.dynsystem:dynsystem
09-13 23:10:22.792   686   800 D ActivityManager: freezing 2792 com.android.dynsystem
09-13 23:10:22.792   686   800 D ActivityManager: freezing 2078 com.android.localtransport
09-13 23:10:22.839   686  2373 D OomAdjuster: Not killing cached processes
09-13 23:10:23.060   686   800 D ActivityManager: freezing 2944 com.android.shell
09-13 23:10:23.060   686   863 D InetDiagMessage: Destroyed 0 sockets, proto=IPPROTO_TCP, family=AF_INET, states=14
09-13 23:10:23.061   686   863 D InetDiagMessage: Destroyed 0 sockets, proto=IPPROTO_TCP, family=AF_INET6, states=14
09-13 23:10:23.061   686   863 D InetDiagMessage: Destroyed live tcp sockets for uids={2000} in 1ms
09-13 23:10:23.655   686   800 D ActivityManager: freezing 3000 com.google.android.rkpdapp
09-13 23:10:23.656   686   863 D InetDiagMessage: Destroyed 0 sockets, proto=IPPROTO_TCP, family=AF_INET, states=14
09-13 23:10:23.656   686   863 D InetDiagMessage: Destroyed 2 sockets, proto=IPPROTO_TCP, family=AF_INET6, states=14
09-13 23:10:23.657   686   863 D InetDiagMessage: Destroyed live tcp sockets for uids={10211} in 1ms
09-13 23:10:23.811  1257  1257 D BoundBrokerSvc: onUnbind: Intent { act=com.google.android.gms.pseudonymous.service.START dat=chimera-action:/... xflg=0x4 cmp=com.google.android.gms/.chimera.PersistentApiService }
09-13 23:10:24.135   686   800 D ActivityManager: freezing 2979 com.google.android.apps.docs
09-13 23:10:24.136   686   863 D InetDiagMessage: Destroyed 0 sockets, proto=IPPROTO_TCP, family=AF_INET, states=14
09-13 23:10:24.137   686   863 D InetDiagMessage: Destroyed 0 sockets, proto=IPPROTO_TCP, family=AF_INET6, states=14
09-13 23:10:24.137   686   863 D InetDiagMessage: Destroyed live tcp sockets for uids={10172} in 1ms
09-13 23:10:24.474  1257  1257 I TrustedTime: TrustedTimeMaintenanceTaskService destroyed [CONTEXT service_id=326 ]
09-13 23:10:24.644   466   510 I netd    : tetherGetStats() -> {[]} <0.30ms>
09-13 23:10:24.962  1257  1257 I NearbyUWB: Initiating shutdown of ServiceControllerRouter dfks@85ceeb1. [CONTEXT service_id=49 ]
09-13 23:10:24.963  1257  1353 I NearbyUWB: Completed shutdown of ServiceControllerRouter dfks@85ceeb1. [CONTEXT service_id=49 ]
09-13 23:10:24.963  1257  1257 I Nearby  : Successfully shutdown executor ServiceControllerRouter.offBinderSerializer. [CONTEXT service_id=49 ]
09-13 23:10:24.963  1257  1257 I Nearby  : Successfully shutdown executor NearbyUwbServiceExecutor. [CONTEXT service_id=49 ]
09-13 23:10:24.970  1554  1554 D BoundBrokerSvc: onUnbind: Intent { act=com.google.android.gms.findmydevice.spot.service.management.START dat=chimera-action:/... xflg=0x4 cmp=com.google.android.gms/.chimera.GmsApiService }
09-13 23:10:25.016   686   800 D ActivityManager: freezing 3216 com.google.android.federatedcompute
09-13 23:10:25.016   686   863 D InetDiagMessage: Destroyed 0 sockets, proto=IPPROTO_TCP, family=AF_INET, states=14
09-13 23:10:25.017   686   863 D InetDiagMessage: Destroyed 0 sockets, proto=IPPROTO_TCP, family=AF_INET6, states=14
09-13 23:10:25.017   686   863 D InetDiagMessage: Destroyed live tcp sockets for uids={10200} in 1ms
[redacted device/network identity log line]
09-13 23:10:25.064   686   857 D WifiDataStall: tx tput in kbps: 11000
09-13 23:10:25.064   686   857 D WifiDataStall: rx tput in kbps: 11000
[redacted device/network identity log line]
09-13 23:10:25.064   686   857 D WifiThroughputPredictor:  utilization (LLS) 80 isBluetoothConnected: false final utilization: 80
09-13 23:10:25.064   686   857 D WifiThroughputPredictor:  BW: 0 RSSI: -50 Nss: 1 Mode: 1 symDur: 4000 snrDb 30 bitPerTone: 4500 rate: 54 throughput: 11
09-13 23:10:25.064   686   857 D WifiThroughputPredictor:  utilization (LLS) 80 isBluetoothConnected: false final utilization: 80
09-13 23:10:25.064   686   857 D WifiThroughputPredictor:  BW: 0 RSSI: -50 Nss: 1 Mode: 1 symDur: 4000 snrDb 30 bitPerTone: 4500 rate: 54 throughput: 11
09-13 23:10:25.064   686   857 D WifiThroughputPredictor:  utilization (LLS) 80 isBluetoothConnected: false final utilization: 80
09-13 23:10:25.064   686   857 D WifiThroughputPredictor:  BW: 0 RSSI: -50 Nss: 1 Mode: 1 symDur: 4000 snrDb 30 bitPerTone: 4500 rate: 54 throughput: 11
09-13 23:10:25.064   686   857 D WifiThroughputPredictor:  utilization (LLS) 80 isBluetoothConnected: false final utilization: 80
09-13 23:10:25.064   686   857 D WifiThroughputPredictor:  BW: 0 RSSI: -50 Nss: 1 Mode: 1 symDur: 4000 snrDb 30 bitPerTone: 4500 rate: 54 throughput: 11
[redacted device/network identity log line]
[redacted device/network identity log line]
[redacted device/network identity log line]
[redacted device/network identity log line]
09-13 23:10:25.155   686   800 D ActivityManager: freezing 3242 com.google.android.healthconnect.controller
09-13 23:10:25.156   686   863 D InetDiagMessage: Destroyed 0 sockets, proto=IPPROTO_TCP, family=AF_INET, states=14
09-13 23:10:25.156   686   863 D InetDiagMessage: Destroyed 0 sockets, proto=IPPROTO_TCP, family=AF_INET6, states=14
09-13 23:10:25.156   686   863 D InetDiagMessage: Destroyed live tcp sockets for uids={10212} in 1ms
09-13 23:10:25.338   686   800 D ActivityManager: freezing 3264 com.google.android.ondevicepersonalization.services
09-13 23:10:25.339   686   863 D InetDiagMessage: Destroyed 0 sockets, proto=IPPROTO_TCP, family=AF_INET, states=14
09-13 23:10:25.339   686   863 D InetDiagMessage: Destroyed 0 sockets, proto=IPPROTO_TCP, family=AF_INET6, states=14
09-13 23:10:25.339   686   863 D InetDiagMessage: Destroyed live tcp sockets for uids={10199} in 0ms
09-13 23:10:25.432   940   940 D wpa_supplicant: nl80211: Drv Event 64 (NL80211_CMD_NOTIFY_CQM) received for wlan0
09-13 23:10:25.432   940   940 D wpa_supplicant: nl80211: Beacon loss event
09-13 23:10:25.432   940   940 D wpa_supplicant: wlan0: Event BEACON_LOSS (53) received
09-13 23:10:25.432   940   940 I wpa_supplicant: wlan0: CTRL-EVENT-BEACON-LOSS 
09-13 23:10:25.529   686   800 D ActivityManager: freezing 3280 com.google.android.packageinstaller
09-13 23:10:25.530   686   863 D InetDiagMessage: Destroyed 0 sockets, proto=IPPROTO_TCP, family=AF_INET, states=14
09-13 23:10:25.530   686   863 D InetDiagMessage: Destroyed 0 sockets, proto=IPPROTO_TCP, family=AF_INET6, states=14
09-13 23:10:25.530   686   863 D InetDiagMessage: Destroyed live tcp sockets for uids={10103} in 1ms
09-13 23:10:25.720  1554  1554 I NearbySharing: SharingTileService destroyed
09-13 23:10:25.745   686   800 D ActivityManager: freezing 3296 com.google.android.partnersetup
09-13 23:10:25.746   686   863 D InetDiagMessage: Destroyed 0 sockets, proto=IPPROTO_TCP, family=AF_INET, states=14
09-13 23:10:25.746   686   863 D InetDiagMessage: Destroyed 0 sockets, proto=IPPROTO_TCP, family=AF_INET6, states=14
09-13 23:10:25.746   686   863 D InetDiagMessage: Destroyed live tcp sockets for uids={10139} in 1ms
09-13 23:10:25.888   466   510 I netd    : tetherGetStats() -> {[]} <0.29ms>
09-13 23:10:25.962  1257  1257 D BoundBrokerSvc: onUnbind: Intent { act=com.google.android.gms.presencemanager.service.START dat=chimera-action:/... xflg=0x4 cmp=com.google.android.gms/.chimera.PersistentApiService }
09-13 23:10:25.966  1257  1257 D BoundBrokerSvc: onUnbind: Intent { act=com.google.android.gms.presencemanager.service.INTERNAL_IDENTITY dat=chimera-action:/... xflg=0x4 cmp=com.google.android.gms/.chimera.PersistentApiService }
09-13 23:10:25.992   686   800 D ActivityManager: freezing 3313 com.google.android.projection.gearhead:car
09-13 23:10:25.992   686   863 D InetDiagMessage: Destroyed 0 sockets, proto=IPPROTO_TCP, family=AF_INET, states=14
09-13 23:10:25.993   686   863 D InetDiagMessage: Destroyed 0 sockets, proto=IPPROTO_TCP, family=AF_INET6, states=14
09-13 23:10:25.993   686   863 D InetDiagMessage: Destroyed live tcp sockets for uids={10133} in 1ms
09-13 23:10:26.004  1554  1554 D BoundBrokerSvc: onUnbind: Intent { act=com.google.android.gms.pay.service.BIND dat=chimera-action:/... xflg=0x4 cmp=com.google.android.gms/.chimera.GmsApiService }
09-13 23:10:26.600   686  2345 W ActivityTaskManager: callingPackage for (uid=2000, pid=4258) has no WPC
09-13 23:10:26.601   686  2345 I system_server: AssetManager2(0x75791e188df8) locale list changing from [] to [en-US]
09-13 23:10:26.601   686  2345 V GrammaticalInflectionUtils: AttributionSource: AttributionSource { uid = 10100, packageName = null, attributionTag = null, token = android.os.Binder@a4a1722, deviceId = 0, next = null } does not have READ_SYSTEM_GRAMMATICAL_GENDER permission.
09-13 23:10:26.601   686  2345 W OptProp : Cannot read opt property android.window.PROPERTY_COMPAT_ALLOW_USER_ASPECT_RATIO_OVERRIDE
09-13 23:10:26.602   686  2345 W OptProp : Cannot read opt property android.window.PROPERTY_COMPAT_ALLOW_USER_ASPECT_RATIO_FULLSCREEN_OVERRIDE
09-13 23:10:26.602   686  2345 W OptProp : Cannot read opt property android.window.PROPERTY_COMPAT_ALLOW_RESIZEABLE_ACTIVITY_OVERRIDES
09-13 23:10:26.602   686  2345 W OptProp : Cannot read opt property android.window.PROPERTY_COMPAT_ALLOW_MIN_ASPECT_RATIO_OVERRIDE
09-13 23:10:26.603   686  2345 W OptProp : Cannot read opt property android.window.PROPERTY_COMPAT_ALLOW_ORIENTATION_OVERRIDE
09-13 23:10:26.603   543   602 I BpBinder: onLastStrongRef automatically unlinking death recipients: 
09-13 23:10:26.605   686  2345 I ActivityTaskManager: START u0 {act=android.service.wallpaper.CHANGE_LIVE_WALLPAPER flg=0x10000000 xflg=0x4 cmp=com.android.wallpaper.livepicker/.LiveWallpaperChange (has extras)} with LAUNCH_MULTIPLE from uid 2000 (BAL_ALLOW_PERMISSION) result code=0
09-13 23:10:26.605   952  1004 V WindowManagerShell: Transition requested (#14): android.os.BinderProxy@3b7535 TransitionRequestInfo { type = OPEN, triggerTask = TaskInfo{userId=0 taskId=26 effectiveUid=10100 displayId=0 isRunning=true baseIntent=Intent { act=android.service.wallpaper.CHANGE_LIVE_WALLPAPER flg=0x10000000 cmp=com.android.wallpaper.livepicker/.LiveWallpaperChange } baseActivity=ComponentInfo{com.android.wallpaper.livepicker/com.android.wallpaper.livepicker.LiveWallpaperChange} topActivity=ComponentInfo{com.android.wallpaper.livepicker/com.android.wallpaper.livepicker.LiveWallpaperChange} origActivity=null realActivity=ComponentInfo{com.android.wallpaper.livepicker/com.android.wallpaper.livepicker.LiveWallpaperChange} numActivities=1 lastActiveTime=100341 supportsMultiWindow=true resizeMode=1 isResizeable=true minWidth=-1 minHeight=-1 defaultMinSize=220 token=WCT{android.window.IWindowContainerToken$Stub$Proxy@3053dca} topActivityType=1 pictureInPictureParams=null shouldDockBigOverlays=false launchIntoPipHostTaskId=-1 lastParentTaskIdBeforePip=-1 displayCutoutSafeInsets=Rect(0, 81 - 0, 0) topActivityInfo=ActivityInfo{64b0b3b com.android.wallpaper.livepicker.LiveWallpaperChange} launchCookies=[] positionInParent=Point(0, 0) parentTaskId=-1 isFocused=false isVisible=false isVisibleRequested=false isTopActivityNoDisplay=false isSleeping=false locusId=null displayAreaFeatureId=1 isTopActivityTransparent=false isActivityStackTransparent=false lastNonFullscreenBounds=Rect(184, 456 - 536, 1176) capturedLink=null capturedLinkTimestamp=0 requestedVisibleTypes=-9 topActivityRequestOpenInBrowserEducationTimestamp=0 appCompatTaskInfo=AppCompatTaskInfo { topActivityInSizeCompat=false eligibleForLetterboxEducation= false isLetterboxEducationEnabled= true isLetterboxDoubleTapEnabled= false eligibleForUserAspectRatioButton= false topActivityBoundsLetterboxed= false isFromLetterboxDoubleTap= false topActivityLetterboxVerticalPosition= -1 topActivityLetterboxHorizontalPosition= -1 topActivityLetterboxWidth=-1 topActivityLetterboxHeight=-1 topActivityAppBounds=Rect(0, 0 - 720, 1600) isUserFullscreenOverrideEnabled=false isSystemFullscreenOverrideEnabled=false hasMinAspectRatioOverride=false topActivityLetterboxBounds=null cameraCompatTaskInfo=CameraCompatTaskInfo { freeformCameraCompatMode=inactive}} topActivityMainWindowFrame=null}, pipChange = null, remoteTransition = null, displayChange = null, flags = 0, debugId = 14 }
09-13 23:10:26.605   952  1004 D ShellSplitScreen: logExit: no-op, mLoggerSessionId is null
09-13 23:10:26.606  1098  1098 W SplitSelectStateCtor: Missing session instanceIds
09-13 23:10:26.606  1098  1098 D StatsLog: LAUNCHER_SPLIT_SELECTION_EXIT_INTERRUPTED
09-13 23:10:26.606   952  1004 D WindowManagerShell: setLauncherKeepClearAreaHeight: visible=false, height=372
09-13 23:10:26.608   686   731 V GrammaticalInflectionUtils: AttributionSource: AttributionSource { uid = 10100, packageName = null, attributionTag = null, token = android.os.Binder@a4a1722, deviceId = 0, next = null } does not have READ_SYSTEM_GRAMMATICAL_GENDER permission.
09-13 23:10:26.610   686   910 D BackgroundInstallControlService: Package event received: 0
09-13 23:10:26.611   469   469 I Zygote  : Entering forkRepeatedly native zygote loop
09-13 23:10:26.611   686   731 W IPCThreadState: Sending oneway calls to frozen process.
09-13 23:10:26.611   686   731 W IPCThreadState: Sending oneway calls to frozen process.
09-13 23:10:26.611   686   731 W IPCThreadState: Sending oneway calls to frozen process.
09-13 23:10:26.611   686   731 W IPCThreadState: Sending oneway calls to frozen process.
09-13 23:10:26.611   686   731 W IPCThreadState: Sending oneway calls to frozen process.
09-13 23:10:26.611   686   731 W IPCThreadState: Sending oneway calls to frozen process.
09-13 23:10:26.611   686   731 W IPCThreadState: Sending oneway calls to frozen process.
09-13 23:10:26.611   686   731 W IPCThreadState: Sending oneway calls to frozen process.
09-13 23:10:26.611   686   731 W IPCThreadState: Sending oneway calls to frozen process.
09-13 23:10:26.611   686   731 W IPCThreadState: Sending oneway calls to frozen process.
09-13 23:10:26.611   686   731 W IPCThreadState: Sending oneway calls to frozen process.
09-13 23:10:26.611   686   731 W IPCThreadState: Sending oneway calls to frozen process.
09-13 23:10:26.611   686   731 W IPCThreadState: Sending oneway calls to frozen process.
09-13 23:10:26.611   686   731 W IPCThreadState: Sending oneway calls to frozen process.
09-13 23:10:26.611   686   731 W IPCThreadState: Sending oneway calls to frozen process.
09-13 23:10:26.611   686   731 W IPCThreadState: Sending oneway calls to frozen process.
09-13 23:10:26.611   686   731 W IPCThreadState: Sending oneway calls to frozen process.
09-13 23:10:26.611   686   731 W IPCThreadState: Sending oneway calls to frozen process.
09-13 23:10:26.611   686   731 W IPCThreadState: Sending oneway calls to frozen process.
09-13 23:10:26.611   686   731 W IPCThreadState: Sending oneway calls to frozen process.
09-13 23:10:26.611   686   731 W IPCThreadState: Sending oneway calls to frozen process.
09-13 23:10:26.611   686   731 W IPCThreadState: Sending oneway calls to frozen process.
09-13 23:10:26.611   686   731 W IPCThreadState: Sending oneway calls to frozen process.
09-13 23:10:26.611   686   731 W IPCThreadState: Sending oneway calls to frozen process.
09-13 23:10:26.611   686   731 W IPCThreadState: Sending oneway calls to frozen process.
09-13 23:10:26.611   686   731 W IPCThreadState: Sending oneway calls to frozen process.
09-13 23:10:26.612   686   731 W IPCThreadState: Sending oneway calls to frozen process.
09-13 23:10:26.612   686   731 W IPCThreadState: Sending oneway calls to frozen process.
09-13 23:10:26.612   686   731 W IPCThreadState: Sending oneway calls to frozen process.
09-13 23:10:26.612   686   731 W IPCThreadState: Sending oneway calls to frozen process.
09-13 23:10:26.612   686   731 W IPCThreadState: Sending oneway calls to frozen process.
09-13 23:10:26.612   686   731 W IPCThreadState: Sending oneway calls to frozen process.
09-13 23:10:26.612   686   731 W IPCThreadState: Sending oneway calls to frozen process.
09-13 23:10:26.628   469   469 D Zygote  : Forked child process 4264
09-13 23:10:26.631   686   738 I ActivityManager: Start proc 4264:com.android.wallpaper.livepicker/u0a100 for next-top-activity {com.android.wallpaper.livepicker/com.android.wallpaper.livepicker.LiveWallpaperChange}
09-13 23:10:26.631   686   738 I ActivityManager: ProcessObserver broadcast disabled
