Verifies
Verified using v1 scheme (JAR signing): false
Verified using v2 scheme (APK Signature Scheme v2): true
Verified using v3 scheme (APK Signature Scheme v3): true
Verified using v3.1 scheme (APK Signature Scheme v3.1): false
Verified using v4 scheme (APK Signature Scheme v4): false
Verified for SourceStamp: false
Number of signers: 1
{
  "apk": "dist/my-beach-hd-arm64.apk",
  "sha256": "5ac05925155edc6747b4164bee72fb2d11fff49bce5f8daf615a5d229b650add",
  "abis": [
    "arm64-v8a"
  ],
  "original_assets_verified": 102,
  "min_sdk": 24,
  "target_sdk": 24,
  "debuggable": true,
  "implementation": "Unicorn instruction translation in a 64-bit native process"
}
