openjdk version "25.0.3" 2026-04-21
OpenJDK Runtime Environment (build 25.0.3+-15898627-b508.16)
OpenJDK 64-Bit Server VM (build 25.0.3+-15898627-b508.16, mixed mode)
INFO  Using log config file: jar:file:<workspace>/tools/ghidra_12.1.3_PUBLIC/Ghidra/Framework/Generic/lib/Generic.jar!/generic.log4j.xml (LoggingInitialization)  
INFO  Using log file: <user-home>/.config/ghidra/ghidra_12.1.3_PUBLIC/application.log (LoggingInitialization)  
INFO  Loading user preferences: <user-home>/.config/ghidra/ghidra_12.1.3_PUBLIC/preferences (Preferences)  
INFO  Searching for classes... (ClassSearcher)  
INFO  Class search complete (1235 ms) (ClassSearcher)  
INFO  Initializing SSL Context (DefaultSSLContextInitializer)  
INFO  Initializing Random Number Generator... (SecureRandomFactory)  
INFO  Random Number Generator initialization complete: NativePRNGNonBlocking (SecureRandomFactory)  
INFO  Trust manager disabled, cacerts have not been set (DefaultTrustManagerFactory)  
INFO  Headless startup complete (3151 ms) (AnalyzeHeadless)  
INFO  Class searcher loaded 59 extension points (20 false positives) (ClassSearcher)  
WARNING: A terminally deprecated method in sun.misc.Unsafe has been called
WARNING: sun.misc.Unsafe::staticFieldOffset has been called by org.apache.felix.framework.util.SecureAction (file:<workspace>/tools/ghidra_12.1.3_PUBLIC/Ghidra/Features/Base/lib/org.apache.felix.framework-7.0.5.jar)
WARNING: Please consider reporting this to the maintainers of class org.apache.felix.framework.util.SecureAction
WARNING: sun.misc.Unsafe::staticFieldOffset will be removed in a future release
INFO  HEADLESS Script Paths:
    <workspace>/tools/ghidra_12.1.3_PUBLIC/Ghidra/Processors/Atmel/ghidra_scripts
    <workspace>/tools/ghidra_12.1.3_PUBLIC/Ghidra/Features/WildcardAssembler/ghidra_scripts
    <workspace>/tools/ghidra_12.1.3_PUBLIC/Ghidra/Debug/Debugger/ghidra_scripts
    <workspace>/tools/ghidra_12.1.3_PUBLIC/Ghidra/Features/BytePatterns/ghidra_scripts
    <workspace>/tools/ghidra_12.1.3_PUBLIC/Ghidra/Features/Decompiler/ghidra_scripts
    <workspace>/tools/ghidra_12.1.3_PUBLIC/Ghidra/Processors/DATA/ghidra_scripts
    <workspace>/tools/ghidra_12.1.3_PUBLIC/Ghidra/Debug/Debugger-rmi-trace/ghidra_scripts
    <workspace>/tools/ghidra_12.1.3_PUBLIC/Ghidra/Features/VersionTracking/ghidra_scripts
    <workspace>/tools/ghidra_12.1.3_PUBLIC/Ghidra/Features/FileFormats/ghidra_scripts
    <workspace>/scripts/ghidra
    <workspace>/tools/ghidra_12.1.3_PUBLIC/Ghidra/Processors/8051/ghidra_scripts
    <workspace>/tools/ghidra_12.1.3_PUBLIC/Ghidra/Features/SystemEmulation/ghidra_scripts
    <workspace>/tools/ghidra_12.1.3_PUBLIC/Ghidra/Features/Base/ghidra_scripts
    <workspace>/tools/ghidra_12.1.3_PUBLIC/Ghidra/Features/PDB/ghidra_scripts
    <workspace>/tools/ghidra_12.1.3_PUBLIC/Ghidra/Processors/JVM/ghidra_scripts
    <workspace>/tools/ghidra_12.1.3_PUBLIC/Ghidra/Features/MicrosoftCodeAnalyzer/ghidra_scripts
    <workspace>/tools/ghidra_12.1.3_PUBLIC/Ghidra/Features/PyGhidra/ghidra_scripts
    <workspace>/tools/ghidra_12.1.3_PUBLIC/Ghidra/Features/DecompilerDependent/ghidra_scripts
    <workspace>/tools/ghidra_12.1.3_PUBLIC/Ghidra/Features/FunctionID/ghidra_scripts
    <workspace>/tools/ghidra_12.1.3_PUBLIC/Ghidra/Features/GnuDemangler/ghidra_scripts
    <workspace>/tools/ghidra_12.1.3_PUBLIC/Ghidra/Processors/PIC/ghidra_scripts
    <workspace>/tools/ghidra_12.1.3_PUBLIC/Ghidra/Features/BSim/ghidra_scripts
    <workspace>/tools/ghidra_12.1.3_PUBLIC/Ghidra/Features/SwiftDemangler/ghidra_scripts (HeadlessAnalyzer)  
INFO  HEADLESS: execution starts (HeadlessAnalyzer)  
INFO  Creating project: <workspace>/native/ghidra-projects/x86/BeachEngine (HeadlessAnalyzer)  
INFO  Creating project: <workspace>/native/ghidra-projects/x86/BeachEngine (DefaultProject)  
INFO  REPORT: Processing input files:  (HeadlessAnalyzer)  
INFO       project: <workspace>/native/ghidra-projects/x86/BeachEngine (HeadlessAnalyzer)  
INFO  IMPORTING: file://<workspace>/decoded/lib/x86/libdbgengine.so (HeadlessAnalyzer)  
INFO  Using Loader: Executable and Linking Format (ELF) (ProgramLoader)  
INFO  Using Language/Compiler: x86:LE:32:default:gcc (ProgramLoader)  
INFO  Using Library Search Path: [., /bin, /lib, /lib64, /lib/x86_64-linux-gnu, /lib/aarch64-linux-gnu, /usr/bin, /usr/lib, /usr/X11R6/bin, /usr/X11R6/lib, /usr/java/packages/lib, /usr/lib64] (ProgramLoader)  
INFO  Additional info:
Loading file://<workspace>/decoded/lib/x86/libdbgengine.so?MD5=a22021a7e6da8b9fe643eb5070b74261...
Setting block .data.rel.ro.local to read-only
Setting block .fini_array to read-only
Setting block .data.rel.ro to read-only
Setting block .init_array to read-only
Setting block .dynamic to read-only
------------------------------------------------

Linking the External Programs of 'libdbgengine.so' to imported libraries...
  [libGLESv1_CM.so] -> not found in project
  [libdl.so] -> not found in project
  [liblog.so] -> not found in project
  [libandroid.so] -> not found in project
  [libstdc++.so] -> not found in project
  [libm.so] -> not found in project
  [libc.so] -> not found in project
------------------------------------------------

Resolving External Symbols of [/libdbgengine.so] - 126 unresolved symbols, no external libraries configured - skipping
 (ProgramLoader)  
INFO  IMPORTING: Loaded 0 additional files (HeadlessAnalyzer)  
INFO  ANALYZING all memory and code: file://<workspace>/decoded/lib/x86/libdbgengine.so (HeadlessAnalyzer)  
ERROR Function body does not fully contain the call site area (LSDACallSiteTable)  
ERROR Function body does not contain the landing pad (LSDACallSiteTable)  
ERROR Function body does not fully contain the call site area (LSDACallSiteTable)  
ERROR Function body does not contain the landing pad (LSDACallSiteTable)  
ERROR Function body does not fully contain the call site area (LSDACallSiteTable)  
ERROR Function body does not contain the landing pad (LSDACallSiteTable)  
ERROR Function body does not fully contain the call site area (LSDACallSiteTable)  
ERROR Function body does not contain the landing pad (LSDACallSiteTable)  
ERROR Function body does not fully contain the call site area (LSDACallSiteTable)  
ERROR Function body does not contain the landing pad (LSDACallSiteTable)  
ERROR Function body does not fully contain the call site area (LSDACallSiteTable)  
ERROR Function body does not contain the landing pad (LSDACallSiteTable)  
ERROR Function body does not fully contain the call site area (LSDACallSiteTable)  
ERROR Function body does not contain the landing pad (LSDACallSiteTable)  
ERROR Function body does not fully contain the call site area (LSDACallSiteTable)  
ERROR Function body does not contain the landing pad (LSDACallSiteTable)  
ERROR Function body does not fully contain the call site area (LSDACallSiteTable)  
ERROR Function body does not contain the landing pad (LSDACallSiteTable)  
ERROR Function body does not fully contain the call site area (LSDACallSiteTable)  
ERROR Function body does not contain the landing pad (LSDACallSiteTable)  
ERROR Function body does not fully contain the call site area (LSDACallSiteTable)  
ERROR Function body does not contain the landing pad (LSDACallSiteTable)  
ERROR Function body does not fully contain the call site area (LSDACallSiteTable)  
ERROR Function body does not contain the landing pad (LSDACallSiteTable)  
ERROR Function body does not fully contain the call site area (LSDACallSiteTable)  
ERROR Function body does not contain the landing pad (LSDACallSiteTable)  
ERROR Function body does not fully contain the call site area (LSDACallSiteTable)  
ERROR Function body does not contain the landing pad (LSDACallSiteTable)  
ERROR Function body does not fully contain the call site area (LSDACallSiteTable)  
ERROR Function body does not contain the landing pad (LSDACallSiteTable)  
ERROR Function body does not fully contain the call site area (LSDACallSiteTable)  
ERROR Function body does not contain the landing pad (LSDACallSiteTable)  
ERROR Function body does not fully contain the call site area (LSDACallSiteTable)  
ERROR Function body does not contain the landing pad (LSDACallSiteTable)  
ERROR Function body does not fully contain the call site area (LSDACallSiteTable)  
ERROR Function body does not contain the landing pad (LSDACallSiteTable)  
ERROR Function body does not fully contain the call site area (LSDACallSiteTable)  
ERROR Function body does not contain the landing pad (LSDACallSiteTable)  
ERROR Function body does not fully contain the call site area (LSDACallSiteTable)  
ERROR Function body does not contain the landing pad (LSDACallSiteTable)  
ERROR Function body does not fully contain the call site area (LSDACallSiteTable)  
ERROR Function body does not contain the landing pad (LSDACallSiteTable)  
ERROR Function body does not fully contain the call site area (LSDACallSiteTable)  
ERROR Function body does not contain the landing pad (LSDACallSiteTable)  
ERROR Function body does not fully contain the call site area (LSDACallSiteTable)  
ERROR Function body does not contain the landing pad (LSDACallSiteTable)  
ERROR Function body does not fully contain the call site area (LSDACallSiteTable)  
ERROR Function body does not contain the landing pad (LSDACallSiteTable)  
ERROR Function body does not fully contain the call site area (LSDACallSiteTable)  
ERROR Function body does not contain the landing pad (LSDACallSiteTable)  
ERROR Function body does not fully contain the call site area (LSDACallSiteTable)  
ERROR Function body does not contain the landing pad (LSDACallSiteTable)  
ERROR Function body does not fully contain the call site area (LSDACallSiteTable)  
ERROR Function body does not contain the landing pad (LSDACallSiteTable)  
ERROR Function body does not fully contain the call site area (LSDACallSiteTable)  
ERROR Function body does not contain the landing pad (LSDACallSiteTable)  
ERROR Function body does not fully contain the call site area (LSDACallSiteTable)  
ERROR Function body does not contain the landing pad (LSDACallSiteTable)  
ERROR Function body does not fully contain the call site area (LSDACallSiteTable)  
ERROR Function body does not contain the landing pad (LSDACallSiteTable)  
ERROR Function body does not fully contain the call site area (LSDACallSiteTable)  
ERROR Function body does not contain the landing pad (LSDACallSiteTable)  
ERROR Function body does not fully contain the call site area (LSDACallSiteTable)  
ERROR Function body does not contain the landing pad (LSDACallSiteTable)  
ERROR Function body does not fully contain the call site area (LSDACallSiteTable)  
ERROR Function body does not contain the landing pad (LSDACallSiteTable)  
ERROR Function body does not fully contain the call site area (LSDACallSiteTable)  
ERROR Function body does not contain the landing pad (LSDACallSiteTable)  
ERROR Function body does not fully contain the call site area (LSDACallSiteTable)  
ERROR Function body does not contain the landing pad (LSDACallSiteTable)  
ERROR Function body does not fully contain the call site area (LSDACallSiteTable)  
ERROR Function body does not contain the landing pad (LSDACallSiteTable)  
ERROR Function body does not fully contain the call site area (LSDACallSiteTable)  
ERROR Function body does not contain the landing pad (LSDACallSiteTable)  
ERROR Function body does not fully contain the call site area (LSDACallSiteTable)  
ERROR Function body does not contain the landing pad (LSDACallSiteTable)  
ERROR Function body does not fully contain the call site area (LSDACallSiteTable)  
ERROR Function body does not contain the landing pad (LSDACallSiteTable)  
ERROR Function body does not fully contain the call site area (LSDACallSiteTable)  
ERROR Function body does not contain the landing pad (LSDACallSiteTable)  
ERROR Function body does not fully contain the call site area (LSDACallSiteTable)  
ERROR Function body does not contain the landing pad (LSDACallSiteTable)  
ERROR Function body does not fully contain the call site area (LSDACallSiteTable)  
ERROR Function body does not contain the landing pad (LSDACallSiteTable)  
ERROR Function body does not fully contain the call site area (LSDACallSiteTable)  
ERROR Function body does not contain the landing pad (LSDACallSiteTable)  
ERROR Function body does not fully contain the call site area (LSDACallSiteTable)  
ERROR Function body does not contain the landing pad (LSDACallSiteTable)  
ERROR Function body does not fully contain the call site area (LSDACallSiteTable)  
ERROR Function body does not contain the landing pad (LSDACallSiteTable)  
ERROR Function body does not fully contain the call site area (LSDACallSiteTable)  
ERROR Function body does not contain the landing pad (LSDACallSiteTable)  
ERROR Function body does not fully contain the call site area (LSDACallSiteTable)  
ERROR Function body does not contain the landing pad (LSDACallSiteTable)  
ERROR Function body does not fully contain the call site area (LSDACallSiteTable)  
ERROR Function body does not contain the landing pad (LSDACallSiteTable)  
ERROR Function body does not fully contain the call site area (LSDACallSiteTable)  
ERROR Function body does not contain the landing pad (LSDACallSiteTable)  
ERROR Function body does not fully contain the call site area (LSDACallSiteTable)  
ERROR Function body does not contain the landing pad (LSDACallSiteTable)  
ERROR Function body does not fully contain the call site area (LSDACallSiteTable)  
ERROR Function body does not contain the landing pad (LSDACallSiteTable)  
ERROR Function body does not fully contain the call site area (LSDACallSiteTable)  
ERROR Function body does not contain the landing pad (LSDACallSiteTable)  
ERROR Function body does not fully contain the call site area (LSDACallSiteTable)  
ERROR Function body does not contain the landing pad (LSDACallSiteTable)  
ERROR Function body does not fully contain the call site area (LSDACallSiteTable)  
ERROR Function body does not contain the landing pad (LSDACallSiteTable)  
ERROR Function body does not fully contain the call site area (LSDACallSiteTable)  
ERROR Function body does not contain the landing pad (LSDACallSiteTable)  
ERROR Function body does not fully contain the call site area (LSDACallSiteTable)  
ERROR Function body does not contain the landing pad (LSDACallSiteTable)  
ERROR Function body does not fully contain the call site area (LSDACallSiteTable)  
ERROR Function body does not contain the landing pad (LSDACallSiteTable)  
ERROR Function body does not fully contain the call site area (LSDACallSiteTable)  
ERROR Function body does not contain the landing pad (LSDACallSiteTable)  
ERROR Function body does not fully contain the call site area (LSDACallSiteTable)  
ERROR Function body does not contain the landing pad (LSDACallSiteTable)  
ERROR Function body does not fully contain the call site area (LSDACallSiteTable)  
ERROR Function body does not contain the landing pad (LSDACallSiteTable)  
ERROR Function body does not fully contain the call site area (LSDACallSiteTable)  
ERROR Function body does not contain the landing pad (LSDACallSiteTable)  
ERROR Function body does not fully contain the call site area (LSDACallSiteTable)  
ERROR Function body does not contain the landing pad (LSDACallSiteTable)  
ERROR Function body does not fully contain the call site area (LSDACallSiteTable)  
ERROR Function body does not contain the landing pad (LSDACallSiteTable)  
ERROR Function body does not fully contain the call site area (LSDACallSiteTable)  
ERROR Function body does not contain the landing pad (LSDACallSiteTable)  
ERROR Function body does not fully contain the call site area (LSDACallSiteTable)  
ERROR Function body does not contain the landing pad (LSDACallSiteTable)  
ERROR Function body does not fully contain the call site area (LSDACallSiteTable)  
ERROR Function body does not contain the landing pad (LSDACallSiteTable)  
ERROR Function body does not fully contain the call site area (LSDACallSiteTable)  
ERROR Function body does not contain the landing pad (LSDACallSiteTable)  
ERROR Function body does not fully contain the call site area (LSDACallSiteTable)  
ERROR Function body does not contain the landing pad (LSDACallSiteTable)  
ERROR Function body does not fully contain the call site area (LSDACallSiteTable)  
ERROR Function body does not contain the landing pad (LSDACallSiteTable)  
ERROR Function body does not fully contain the call site area (LSDACallSiteTable)  
ERROR Function body does not contain the landing pad (LSDACallSiteTable)  
ERROR Function body does not fully contain the call site area (LSDACallSiteTable)  
ERROR Function body does not contain the landing pad (LSDACallSiteTable)  
ERROR Function body does not fully contain the call site area (LSDACallSiteTable)  
ERROR Function body does not contain the landing pad (LSDACallSiteTable)  
ERROR Failed to disassemble at 0008f878 (GccExceptionAnalyzer)  
ERROR Failed to disassemble at 0008f9af (GccExceptionAnalyzer)  
ERROR Failed to disassemble at 0008f92d (GccExceptionAnalyzer)  
ERROR Failed to disassemble at 0008f98e (GccExceptionAnalyzer)  
ERROR Failed to disassemble at 0008f9aa (GccExceptionAnalyzer)  
ERROR Failed to disassemble at 0008f850 (GccExceptionAnalyzer)  
ERROR Failed to disassemble at 0008f9ba (GccExceptionAnalyzer)  
ERROR Failed to disassemble at 0008f9af (GccExceptionAnalyzer)  
ERROR Failed to disassemble at 0008f9bf (GccExceptionAnalyzer)  
ERROR Failed to disassemble at 0008f850 (GccExceptionAnalyzer)  
ERROR Failed to disassemble at 0008fa39 (GccExceptionAnalyzer)  
ERROR Failed to disassemble at 0008fa44 (GccExceptionAnalyzer)  
ERROR Failed to disassemble at 0008fa4c (GccExceptionAnalyzer)  
ERROR Failed to disassemble at 0008fa20 (GccExceptionAnalyzer)  
ERROR Failed to disassemble at 0008fab0 (GccExceptionAnalyzer)  
ERROR Failed to disassemble at 0008fab5 (GccExceptionAnalyzer)  
ERROR Failed to disassemble at 0008fabd (GccExceptionAnalyzer)  
ERROR Failed to disassemble at 0008fa60 (GccExceptionAnalyzer)  
ERROR Failed to disassemble at 0008faf5 (GccExceptionAnalyzer)  
ERROR Failed to disassemble at 0008fb0f (GccExceptionAnalyzer)  
ERROR Failed to disassemble at 0008fb20 (GccExceptionAnalyzer)  
ERROR Failed to disassemble at 0008fb25 (GccExceptionAnalyzer)  
ERROR Failed to disassemble at 0008fb3c (GccExceptionAnalyzer)  
ERROR Failed to disassemble at 0008fad0 (GccExceptionAnalyzer)  
ERROR Failed to disassemble at 0008fca6 (GccExceptionAnalyzer)  
ERROR Failed to disassemble at 0008fcab (GccExceptionAnalyzer)  
ERROR Failed to disassemble at 0008fcb3 (GccExceptionAnalyzer)  
ERROR Failed to disassemble at 0008fc10 (GccExceptionAnalyzer)  
ERROR Failed to disassemble at 0008fd04 (GccExceptionAnalyzer)  
ERROR Failed to disassemble at 0008fd70 (GccExceptionAnalyzer)  
ERROR Failed to disassemble at 0008fd78 (GccExceptionAnalyzer)  
ERROR Failed to disassemble at 0008fcc0 (GccExceptionAnalyzer)  
ERROR Failed to disassemble at 00090db1 (GccExceptionAnalyzer)  
ERROR Failed to disassemble at 00090dfb (GccExceptionAnalyzer)  
ERROR Failed to disassemble at 00090e03 (GccExceptionAnalyzer)  
ERROR Failed to disassemble at 00090d90 (GccExceptionAnalyzer)  
ERROR Failed to disassemble at 00090e27 (GccExceptionAnalyzer)  
ERROR Failed to disassemble at 00090e32 (GccExceptionAnalyzer)  
ERROR Failed to disassemble at 00090e3f (GccExceptionAnalyzer)  
ERROR Failed to disassemble at 00090e10 (GccExceptionAnalyzer)  
ERROR Failed to disassemble at 00090e77 (GccExceptionAnalyzer)  
ERROR Failed to disassemble at 00090e82 (GccExceptionAnalyzer)  
ERROR Failed to disassemble at 00090e8a (GccExceptionAnalyzer)  
ERROR Failed to disassemble at 00090e60 (GccExceptionAnalyzer)  
ERROR Failed to disassemble at 0009147f (GccExceptionAnalyzer)  
ERROR Failed to disassemble at 00091486 (GccExceptionAnalyzer)  
ERROR Failed to disassemble at 00091481 (GccExceptionAnalyzer)  
ERROR Failed to disassemble at 00091460 (GccExceptionAnalyzer)  
ERROR Failed to disassemble at 00092369 (GccExceptionAnalyzer)  
ERROR Failed to disassemble at 00092398 (GccExceptionAnalyzer)  
ERROR Failed to disassemble at 000923a5 (GccExceptionAnalyzer)  
ERROR Failed to disassemble at 00092330 (GccExceptionAnalyzer)  
ERROR Failed to disassemble at 000923da (GccExceptionAnalyzer)  
ERROR Failed to disassemble at 0009241a (GccExceptionAnalyzer)  
ERROR Failed to disassemble at 000923e6 (GccExceptionAnalyzer)  
ERROR Failed to disassemble at 0009242c (GccExceptionAnalyzer)  
ERROR Failed to disassemble at 00092415 (GccExceptionAnalyzer)  
ERROR Failed to disassemble at 000923b0 (GccExceptionAnalyzer)  
ERROR Failed to disassemble at 0009246a (GccExceptionAnalyzer)  
ERROR Failed to disassemble at 000924aa (GccExceptionAnalyzer)  
ERROR Failed to disassemble at 00092476 (GccExceptionAnalyzer)  
ERROR Failed to disassemble at 000924bc (GccExceptionAnalyzer)  
ERROR Failed to disassemble at 000924a5 (GccExceptionAnalyzer)  
ERROR Failed to disassemble at 00092440 (GccExceptionAnalyzer)  
ERROR Failed to disassemble at 000924fa (GccExceptionAnalyzer)  
ERROR Failed to disassemble at 0009253a (GccExceptionAnalyzer)  
ERROR Failed to disassemble at 00092506 (GccExceptionAnalyzer)  
ERROR Failed to disassemble at 0009254c (GccExceptionAnalyzer)  
ERROR Failed to disassemble at 00092535 (GccExceptionAnalyzer)  
ERROR Failed to disassemble at 000924d0 (GccExceptionAnalyzer)  
ERROR Failed to disassemble at 0009258a (GccExceptionAnalyzer)  
ERROR Failed to disassemble at 000925ca (GccExceptionAnalyzer)  
ERROR Failed to disassemble at 00092596 (GccExceptionAnalyzer)  
ERROR Failed to disassemble at 000925dc (GccExceptionAnalyzer)  
ERROR Failed to disassemble at 000925c5 (GccExceptionAnalyzer)  
ERROR Failed to disassemble at 00092560 (GccExceptionAnalyzer)  
ERROR Failed to disassemble at 0009261a (GccExceptionAnalyzer)  
ERROR Failed to disassemble at 0009265a (GccExceptionAnalyzer)  
ERROR Failed to disassemble at 00092626 (GccExceptionAnalyzer)  
ERROR Failed to disassemble at 0009266c (GccExceptionAnalyzer)  
ERROR Failed to disassemble at 00092655 (GccExceptionAnalyzer)  
ERROR Failed to disassemble at 000925f0 (GccExceptionAnalyzer)  
ERROR Failed to disassemble at 000926aa (GccExceptionAnalyzer)  
ERROR Failed to disassemble at 000926ea (GccExceptionAnalyzer)  
ERROR Failed to disassemble at 000926b6 (GccExceptionAnalyzer)  
ERROR Failed to disassemble at 000926fc (GccExceptionAnalyzer)  
ERROR Failed to disassemble at 000926e5 (GccExceptionAnalyzer)  
ERROR Failed to disassemble at 00092680 (GccExceptionAnalyzer)  
ERROR Failed to disassemble at 00092a72 (GccExceptionAnalyzer)  
ERROR Failed to disassemble at 00092ac3 (GccExceptionAnalyzer)  
ERROR Failed to disassemble at 00092acb (GccExceptionAnalyzer)  
ERROR Failed to disassemble at 00092910 (GccExceptionAnalyzer)  
ERROR Failed to disassemble at 00092b1d (GccExceptionAnalyzer)  
ERROR Failed to disassemble at 00092bc5 (GccExceptionAnalyzer)  
ERROR Failed to disassemble at 00092bcf (GccExceptionAnalyzer)  
ERROR Failed to disassemble at 00092910 (GccExceptionAnalyzer)  
ERROR Failed to disassemble at 00092d6f (GccExceptionAnalyzer)  
ERROR Failed to disassemble at 00092d20 (GccExceptionAnalyzer)  
ERROR Failed to disassemble at 00092d8b (GccExceptionAnalyzer)  
ERROR Failed to disassemble at 00092de5 (GccExceptionAnalyzer)  
ERROR Failed to disassemble at 00092df2 (GccExceptionAnalyzer)  
ERROR Failed to disassemble at 00092d20 (GccExceptionAnalyzer)  
ERROR Failed to disassemble at 00092e2d (GccExceptionAnalyzer)  
ERROR Failed to disassemble at 00092e00 (GccExceptionAnalyzer)  
ERROR Failed to disassemble at 00092e3b (GccExceptionAnalyzer)  
ERROR Failed to disassemble at 00092efa (GccExceptionAnalyzer)  
ERROR Failed to disassemble at 00092e71 (GccExceptionAnalyzer)  
ERROR Failed to disassemble at 00092e00 (GccExceptionAnalyzer)  
ERROR Failed to disassemble at 00092ea3 (GccExceptionAnalyzer)  
ERROR Failed to disassemble at 00092efa (GccExceptionAnalyzer)  
ERROR Failed to disassemble at 00092ef3 (GccExceptionAnalyzer)  
ERROR Failed to disassemble at 00092e00 (GccExceptionAnalyzer)  
ERROR Failed to disassemble at 00092f07 (GccExceptionAnalyzer)  
ERROR Failed to disassemble at 00092e00 (GccExceptionAnalyzer)  
ERROR Failed to disassemble at 00092f39 (GccExceptionAnalyzer)  
ERROR Failed to disassemble at 00092efa (GccExceptionAnalyzer)  
ERROR Failed to disassemble at 00092f9d (GccExceptionAnalyzer)  
ERROR Failed to disassemble at 0009302d (GccExceptionAnalyzer)  
ERROR Failed to disassemble at 00092fbe (GccExceptionAnalyzer)  
ERROR Failed to disassemble at 00092f40 (GccExceptionAnalyzer)  
ERROR Failed to disassemble at 0009303a (GccExceptionAnalyzer)  
ERROR Failed to disassemble at 00092f40 (GccExceptionAnalyzer)  
ERROR Failed to disassemble at 000931fe (GccExceptionAnalyzer)  
ERROR Failed to disassemble at 000931c0 (GccExceptionAnalyzer)  
ERROR Failed to disassemble at 00093257 (GccExceptionAnalyzer)  
ERROR Failed to disassemble at 00093260 (GccExceptionAnalyzer)  
ERROR Failed to disassemble at 0009326d (GccExceptionAnalyzer)  
ERROR Failed to disassemble at 000931c0 (GccExceptionAnalyzer)  
ERROR Failed to disassemble at 000934b0 (GccExceptionAnalyzer)  
ERROR Failed to disassemble at 000934cc (GccExceptionAnalyzer)  
ERROR Failed to disassemble at 000934c7 (GccExceptionAnalyzer)  
ERROR Failed to disassemble at 000934a0 (GccExceptionAnalyzer)  
ERROR Failed to disassemble at 000934d4 (GccExceptionAnalyzer)  
ERROR Failed to disassemble at 000934b7 (GccExceptionAnalyzer)  
ERROR Failed to disassemble at 00093548 (GccExceptionAnalyzer)  
ERROR Failed to disassemble at 0009356c (GccExceptionAnalyzer)  
ERROR Failed to disassemble at 00093567 (GccExceptionAnalyzer)  
ERROR Failed to disassemble at 000934e0 (GccExceptionAnalyzer)  
ERROR Failed to disassemble at 0009357b (GccExceptionAnalyzer)  
ERROR Failed to disassemble at 00093681 (GccExceptionAnalyzer)  
ERROR Failed to disassemble at 0009368b (GccExceptionAnalyzer)  
ERROR Failed to disassemble at 000934e0 (GccExceptionAnalyzer)  
ERROR Failed to disassemble at 000936e5 (GccExceptionAnalyzer)  
ERROR Failed to disassemble at 00093681 (GccExceptionAnalyzer)  
INFO  Packed database cache: /var/tmp/local-user-ghidra/packed-db-cache (PackedDatabaseCache)  
INFO  Applied data type archive: generic_clib (ApplyDataArchiveAnalyzer)  
INFO  -----------------------------------------------------
    ASCII Strings                              0.595 secs
    Apply Data Archives                        0.305 secs
    Call Convention ID                         5.659 secs
    Call-Fixup Installer                       0.124 secs
    Create Address Tables                      0.134 secs
    Create Address Tables - One Time           0.103 secs
    Create Function                            0.147 secs
    Data Reference                             0.162 secs
    Decompiler Switch Analysis                 1.508 secs
    Demangler GNU                              1.382 secs
    Disassemble Entry Points                   3.509 secs
    ELF Scalar Operand References              1.145 secs
    Embedded Media                             0.022 secs
    External Entry References                  0.016 secs
    Function ID                                0.892 secs
    Function Start Pre Search                  0.025 secs
    Function Start Search                      0.060 secs
    Function Start Search After Code           0.024 secs
    Function Start Search After Data           0.012 secs
    GCC Exception Handlers                     1.143 secs
    Non-Returning Functions - Discovered       1.117 secs
    Non-Returning Functions - Known            0.011 secs
    Reference                                  0.262 secs
    Shared Return Calls                        0.252 secs
    Stack                                      6.043 secs
    Subroutine References                      0.140 secs
    X86 Function Callee Purge                  0.083 secs
    x86 Constant Reference Analyzer            3.549 secs
-----------------------------------------------------
     Total Time   28 secs
-----------------------------------------------------
 (AutoAnalysisManager)  
INFO  REPORT: Analysis succeeded for file: file://<workspace>/decoded/lib/x86/libdbgengine.so (HeadlessAnalyzer)  
INFO  REPORT: Execute script: ExportNative.java '<workspace>/native/x86'  (HeadlessAnalyzer)  
INFO  SCRIPT: <workspace>/scripts/ghidra/ExportNative.java (HeadlessAnalyzer)  
INFO  ExportNative.java> Exported 100 functions; 0 failures (GhidraScript)  
INFO  ExportNative.java> Exported 200 functions; 0 failures (GhidraScript)  
INFO  ExportNative.java> Exported 300 functions; 0 failures (GhidraScript)  
INFO  ExportNative.java> Exported 400 functions; 0 failures (GhidraScript)  
INFO  ExportNative.java> Exported 500 functions; 0 failures (GhidraScript)  
INFO  ExportNative.java> Exported 600 functions; 0 failures (GhidraScript)  
INFO  ExportNative.java> Exported 700 functions; 0 failures (GhidraScript)  
INFO  ExportNative.java> Exported 800 functions; 0 failures (GhidraScript)  
INFO  ExportNative.java> Exported 900 functions; 0 failures (GhidraScript)  
INFO  ExportNative.java> Exported 1000 functions; 0 failures (GhidraScript)  
INFO  ExportNative.java> Exported 1100 functions; 0 failures (GhidraScript)  
INFO  ExportNative.java> Exported 1200 functions; 0 failures (GhidraScript)  
INFO  ExportNative.java> Exported 1300 functions; 0 failures (GhidraScript)  
INFO  ExportNative.java> Exported 1400 functions; 0 failures (GhidraScript)  
WARN  Decompiling 0009e000, pcode error at 0009e000: Unable to disassemble EXTERNAL block location: 0009e000 (DecompileCallback)  
WARN  Decompiling 0009e004, pcode error at 0009e004: Unable to disassemble EXTERNAL block location: 0009e004 (DecompileCallback)  
WARN  Decompiling 0009e008, pcode error at 0009e008: Unable to disassemble EXTERNAL block location: 0009e008 (DecompileCallback)  
WARN  Decompiling 0009e010, pcode error at 0009e010: Unable to disassemble EXTERNAL block location: 0009e010 (DecompileCallback)  
WARN  Decompiling 0009e014, pcode error at 0009e014: Unable to disassemble EXTERNAL block location: 0009e014 (DecompileCallback)  
WARN  Decompiling 0009e018, pcode error at 0009e018: Unable to disassemble EXTERNAL block location: 0009e018 (DecompileCallback)  
WARN  Decompiling 0009e01c, pcode error at 0009e01c: Unable to disassemble EXTERNAL block location: 0009e01c (DecompileCallback)  
WARN  Decompiling 0009e020, pcode error at 0009e020: Unable to disassemble EXTERNAL block location: 0009e020 (DecompileCallback)  
WARN  Decompiling 0009e024, pcode error at 0009e024: Unable to disassemble EXTERNAL block location: 0009e024 (DecompileCallback)  
WARN  Decompiling 0009e028, pcode error at 0009e028: Unable to disassemble EXTERNAL block location: 0009e028 (DecompileCallback)  
WARN  Decompiling 0009e02c, pcode error at 0009e02c: Unable to disassemble EXTERNAL block location: 0009e02c (DecompileCallback)  
WARN  Decompiling 0009e030, pcode error at 0009e030: Unable to disassemble EXTERNAL block location: 0009e030 (DecompileCallback)  
WARN  Decompiling 0009e034, pcode error at 0009e034: Unable to disassemble EXTERNAL block location: 0009e034 (DecompileCallback)  
WARN  Decompiling 0009e038, pcode error at 0009e038: Unable to disassemble EXTERNAL block location: 0009e038 (DecompileCallback)  
WARN  Decompiling 0009e040, pcode error at 0009e040: Unable to disassemble EXTERNAL block location: 0009e040 (DecompileCallback)  
WARN  Decompiling 0009e048, pcode error at 0009e048: Unable to disassemble EXTERNAL block location: 0009e048 (DecompileCallback)  
WARN  Decompiling 0009e04c, pcode error at 0009e04c: Unable to disassemble EXTERNAL block location: 0009e04c (DecompileCallback)  
WARN  Decompiling 0009e050, pcode error at 0009e050: Unable to disassemble EXTERNAL block location: 0009e050 (DecompileCallback)  
WARN  Decompiling 0009e054, pcode error at 0009e054: Unable to disassemble EXTERNAL block location: 0009e054 (DecompileCallback)  
WARN  Decompiling 0009e058, pcode error at 0009e058: Unable to disassemble EXTERNAL block location: 0009e058 (DecompileCallback)  
WARN  Decompiling 0009e05c, pcode error at 0009e05c: Unable to disassemble EXTERNAL block location: 0009e05c (DecompileCallback)  
WARN  Decompiling 0009e060, pcode error at 0009e060: Unable to disassemble EXTERNAL block location: 0009e060 (DecompileCallback)  
WARN  Decompiling 0009e064, pcode error at 0009e064: Unable to disassemble EXTERNAL block location: 0009e064 (DecompileCallback)  
WARN  Decompiling 0009e068, pcode error at 0009e068: Unable to disassemble EXTERNAL block location: 0009e068 (DecompileCallback)  
WARN  Decompiling 0009e06c, pcode error at 0009e06c: Unable to disassemble EXTERNAL block location: 0009e06c (DecompileCallback)  
WARN  Decompiling 0009e070, pcode error at 0009e070: Unable to disassemble EXTERNAL block location: 0009e070 (DecompileCallback)  
WARN  Decompiling 0009e074, pcode error at 0009e074: Unable to disassemble EXTERNAL block location: 0009e074 (DecompileCallback)  
WARN  Decompiling 0009e078, pcode error at 0009e078: Unable to disassemble EXTERNAL block location: 0009e078 (DecompileCallback)  
WARN  Decompiling 0009e07c, pcode error at 0009e07c: Unable to disassemble EXTERNAL block location: 0009e07c (DecompileCallback)  
WARN  Decompiling 0009e080, pcode error at 0009e080: Unable to disassemble EXTERNAL block location: 0009e080 (DecompileCallback)  
WARN  Decompiling 0009e084, pcode error at 0009e084: Unable to disassemble EXTERNAL block location: 0009e084 (DecompileCallback)  
WARN  Decompiling 0009e088, pcode error at 0009e088: Unable to disassemble EXTERNAL block location: 0009e088 (DecompileCallback)  
WARN  Decompiling 0009e08c, pcode error at 0009e08c: Unable to disassemble EXTERNAL block location: 0009e08c (DecompileCallback)  
WARN  Decompiling 0009e090, pcode error at 0009e090: Unable to disassemble EXTERNAL block location: 0009e090 (DecompileCallback)  
WARN  Decompiling 0009e094, pcode error at 0009e094: Unable to disassemble EXTERNAL block location: 0009e094 (DecompileCallback)  
WARN  Decompiling 0009e098, pcode error at 0009e098: Unable to disassemble EXTERNAL block location: 0009e098 (DecompileCallback)  
WARN  Decompiling 0009e09c, pcode error at 0009e09c: Unable to disassemble EXTERNAL block location: 0009e09c (DecompileCallback)  
WARN  Decompiling 0009e0a0, pcode error at 0009e0a0: Unable to disassemble EXTERNAL block location: 0009e0a0 (DecompileCallback)  
WARN  Decompiling 0009e0a4, pcode error at 0009e0a4: Unable to disassemble EXTERNAL block location: 0009e0a4 (DecompileCallback)  
WARN  Decompiling 0009e0a8, pcode error at 0009e0a8: Unable to disassemble EXTERNAL block location: 0009e0a8 (DecompileCallback)  
WARN  Decompiling 0009e0ac, pcode error at 0009e0ac: Unable to disassemble EXTERNAL block location: 0009e0ac (DecompileCallback)  
WARN  Decompiling 0009e0b0, pcode error at 0009e0b0: Unable to disassemble EXTERNAL block location: 0009e0b0 (DecompileCallback)  
WARN  Decompiling 0009e0b4, pcode error at 0009e0b4: Unable to disassemble EXTERNAL block location: 0009e0b4 (DecompileCallback)  
WARN  Decompiling 0009e0b8, pcode error at 0009e0b8: Unable to disassemble EXTERNAL block location: 0009e0b8 (DecompileCallback)  
WARN  Decompiling 0009e0bc, pcode error at 0009e0bc: Unable to disassemble EXTERNAL block location: 0009e0bc (DecompileCallback)  
WARN  Decompiling 0009e0c0, pcode error at 0009e0c0: Unable to disassemble EXTERNAL block location: 0009e0c0 (DecompileCallback)  
WARN  Decompiling 0009e0c4, pcode error at 0009e0c4: Unable to disassemble EXTERNAL block location: 0009e0c4 (DecompileCallback)  
WARN  Decompiling 0009e0c8, pcode error at 0009e0c8: Unable to disassemble EXTERNAL block location: 0009e0c8 (DecompileCallback)  
WARN  Decompiling 0009e0cc, pcode error at 0009e0cc: Unable to disassemble EXTERNAL block location: 0009e0cc (DecompileCallback)  
WARN  Decompiling 0009e0d0, pcode error at 0009e0d0: Unable to disassemble EXTERNAL block location: 0009e0d0 (DecompileCallback)  
WARN  Decompiling 0009e0d4, pcode error at 0009e0d4: Unable to disassemble EXTERNAL block location: 0009e0d4 (DecompileCallback)  
WARN  Decompiling 0009e0d8, pcode error at 0009e0d8: Unable to disassemble EXTERNAL block location: 0009e0d8 (DecompileCallback)  
WARN  Decompiling 0009e0dc, pcode error at 0009e0dc: Unable to disassemble EXTERNAL block location: 0009e0dc (DecompileCallback)  
WARN  Decompiling 0009e0e0, pcode error at 0009e0e0: Unable to disassemble EXTERNAL block location: 0009e0e0 (DecompileCallback)  
WARN  Decompiling 0009e0e4, pcode error at 0009e0e4: Unable to disassemble EXTERNAL block location: 0009e0e4 (DecompileCallback)  
WARN  Decompiling 0009e0e8, pcode error at 0009e0e8: Unable to disassemble EXTERNAL block location: 0009e0e8 (DecompileCallback)  
WARN  Decompiling 0009e0ec, pcode error at 0009e0ec: Unable to disassemble EXTERNAL block location: 0009e0ec (DecompileCallback)  
WARN  Decompiling 0009e0f0, pcode error at 0009e0f0: Unable to disassemble EXTERNAL block location: 0009e0f0 (DecompileCallback)  
WARN  Decompiling 0009e0f4, pcode error at 0009e0f4: Unable to disassemble EXTERNAL block location: 0009e0f4 (DecompileCallback)  
WARN  Decompiling 0009e0f8, pcode error at 0009e0f8: Unable to disassemble EXTERNAL block location: 0009e0f8 (DecompileCallback)  
WARN  Decompiling 0009e0fc, pcode error at 0009e0fc: Unable to disassemble EXTERNAL block location: 0009e0fc (DecompileCallback)  
WARN  Decompiling 0009e100, pcode error at 0009e100: Unable to disassemble EXTERNAL block location: 0009e100 (DecompileCallback)  
WARN  Decompiling 0009e104, pcode error at 0009e104: Unable to disassemble EXTERNAL block location: 0009e104 (DecompileCallback)  
WARN  Decompiling 0009e108, pcode error at 0009e108: Unable to disassemble EXTERNAL block location: 0009e108 (DecompileCallback)  
WARN  Decompiling 0009e10c, pcode error at 0009e10c: Unable to disassemble EXTERNAL block location: 0009e10c (DecompileCallback)  
WARN  Decompiling 0009e110, pcode error at 0009e110: Unable to disassemble EXTERNAL block location: 0009e110 (DecompileCallback)  
WARN  Decompiling 0009e114, pcode error at 0009e114: Unable to disassemble EXTERNAL block location: 0009e114 (DecompileCallback)  
WARN  Decompiling 0009e118, pcode error at 0009e118: Unable to disassemble EXTERNAL block location: 0009e118 (DecompileCallback)  
WARN  Decompiling 0009e11c, pcode error at 0009e11c: Unable to disassemble EXTERNAL block location: 0009e11c (DecompileCallback)  
WARN  Decompiling 0009e120, pcode error at 0009e120: Unable to disassemble EXTERNAL block location: 0009e120 (DecompileCallback)  
WARN  Decompiling 0009e124, pcode error at 0009e124: Unable to disassemble EXTERNAL block location: 0009e124 (DecompileCallback)  
WARN  Decompiling 0009e128, pcode error at 0009e128: Unable to disassemble EXTERNAL block location: 0009e128 (DecompileCallback)  
WARN  Decompiling 0009e12c, pcode error at 0009e12c: Unable to disassemble EXTERNAL block location: 0009e12c (DecompileCallback)  
WARN  Decompiling 0009e130, pcode error at 0009e130: Unable to disassemble EXTERNAL block location: 0009e130 (DecompileCallback)  
WARN  Decompiling 0009e134, pcode error at 0009e134: Unable to disassemble EXTERNAL block location: 0009e134 (DecompileCallback)  
WARN  Decompiling 0009e138, pcode error at 0009e138: Unable to disassemble EXTERNAL block location: 0009e138 (DecompileCallback)  
WARN  Decompiling 0009e13c, pcode error at 0009e13c: Unable to disassemble EXTERNAL block location: 0009e13c (DecompileCallback)  
WARN  Decompiling 0009e140, pcode error at 0009e140: Unable to disassemble EXTERNAL block location: 0009e140 (DecompileCallback)  
WARN  Decompiling 0009e144, pcode error at 0009e144: Unable to disassemble EXTERNAL block location: 0009e144 (DecompileCallback)  
WARN  Decompiling 0009e148, pcode error at 0009e148: Unable to disassemble EXTERNAL block location: 0009e148 (DecompileCallback)  
WARN  Decompiling 0009e14c, pcode error at 0009e14c: Unable to disassemble EXTERNAL block location: 0009e14c (DecompileCallback)  
WARN  Decompiling 0009e150, pcode error at 0009e150: Unable to disassemble EXTERNAL block location: 0009e150 (DecompileCallback)  
WARN  Decompiling 0009e154, pcode error at 0009e154: Unable to disassemble EXTERNAL block location: 0009e154 (DecompileCallback)  
WARN  Decompiling 0009e158, pcode error at 0009e158: Unable to disassemble EXTERNAL block location: 0009e158 (DecompileCallback)  
WARN  Decompiling 0009e15c, pcode error at 0009e15c: Unable to disassemble EXTERNAL block location: 0009e15c (DecompileCallback)  
WARN  Decompiling 0009e160, pcode error at 0009e160: Unable to disassemble EXTERNAL block location: 0009e160 (DecompileCallback)  
WARN  Decompiling 0009e164, pcode error at 0009e164: Unable to disassemble EXTERNAL block location: 0009e164 (DecompileCallback)  
WARN  Decompiling 0009e168, pcode error at 0009e168: Unable to disassemble EXTERNAL block location: 0009e168 (DecompileCallback)  
WARN  Decompiling 0009e16c, pcode error at 0009e16c: Unable to disassemble EXTERNAL block location: 0009e16c (DecompileCallback)  
WARN  Decompiling 0009e170, pcode error at 0009e170: Unable to disassemble EXTERNAL block location: 0009e170 (DecompileCallback)  
WARN  Decompiling 0009e174, pcode error at 0009e174: Unable to disassemble EXTERNAL block location: 0009e174 (DecompileCallback)  
WARN  Decompiling 0009e178, pcode error at 0009e178: Unable to disassemble EXTERNAL block location: 0009e178 (DecompileCallback)  
WARN  Decompiling 0009e17c, pcode error at 0009e17c: Unable to disassemble EXTERNAL block location: 0009e17c (DecompileCallback)  
WARN  Decompiling 0009e180, pcode error at 0009e180: Unable to disassemble EXTERNAL block location: 0009e180 (DecompileCallback)  
WARN  Decompiling 0009e184, pcode error at 0009e184: Unable to disassemble EXTERNAL block location: 0009e184 (DecompileCallback)  
WARN  Decompiling 0009e188, pcode error at 0009e188: Unable to disassemble EXTERNAL block location: 0009e188 (DecompileCallback)  
WARN  Decompiling 0009e18c, pcode error at 0009e18c: Unable to disassemble EXTERNAL block location: 0009e18c (DecompileCallback)  
WARN  Decompiling 0009e190, pcode error at 0009e190: Unable to disassemble EXTERNAL block location: 0009e190 (DecompileCallback)  
WARN  Decompiling 0009e194, pcode error at 0009e194: Unable to disassemble EXTERNAL block location: 0009e194 (DecompileCallback)  
INFO  ExportNative.java> Exported 1500 functions; 0 failures (GhidraScript)  
WARN  Decompiling 0009e198, pcode error at 0009e198: Unable to disassemble EXTERNAL block location: 0009e198 (DecompileCallback)  
WARN  Decompiling 0009e19c, pcode error at 0009e19c: Unable to disassemble EXTERNAL block location: 0009e19c (DecompileCallback)  
WARN  Decompiling 0009e1a0, pcode error at 0009e1a0: Unable to disassemble EXTERNAL block location: 0009e1a0 (DecompileCallback)  
WARN  Decompiling 0009e1a4, pcode error at 0009e1a4: Unable to disassemble EXTERNAL block location: 0009e1a4 (DecompileCallback)  
WARN  Decompiling 0009e1a8, pcode error at 0009e1a8: Unable to disassemble EXTERNAL block location: 0009e1a8 (DecompileCallback)  
WARN  Decompiling 0009e1ac, pcode error at 0009e1ac: Unable to disassemble EXTERNAL block location: 0009e1ac (DecompileCallback)  
WARN  Decompiling 0009e1b0, pcode error at 0009e1b0: Unable to disassemble EXTERNAL block location: 0009e1b0 (DecompileCallback)  
WARN  Decompiling 0009e1b4, pcode error at 0009e1b4: Unable to disassemble EXTERNAL block location: 0009e1b4 (DecompileCallback)  
WARN  Decompiling 0009e1b8, pcode error at 0009e1b8: Unable to disassemble EXTERNAL block location: 0009e1b8 (DecompileCallback)  
WARN  Decompiling 0009e1bc, pcode error at 0009e1bc: Unable to disassemble EXTERNAL block location: 0009e1bc (DecompileCallback)  
WARN  Decompiling 0009e1c0, pcode error at 0009e1c0: Unable to disassemble EXTERNAL block location: 0009e1c0 (DecompileCallback)  
WARN  Decompiling 0009e1c4, pcode error at 0009e1c4: Unable to disassemble EXTERNAL block location: 0009e1c4 (DecompileCallback)  
WARN  Decompiling 0009e1c8, pcode error at 0009e1c8: Unable to disassemble EXTERNAL block location: 0009e1c8 (DecompileCallback)  
WARN  Decompiling 0009e1cc, pcode error at 0009e1cc: Unable to disassemble EXTERNAL block location: 0009e1cc (DecompileCallback)  
WARN  Decompiling 0009e1d0, pcode error at 0009e1d0: Unable to disassemble EXTERNAL block location: 0009e1d0 (DecompileCallback)  
WARN  Decompiling 0009e1d4, pcode error at 0009e1d4: Unable to disassemble EXTERNAL block location: 0009e1d4 (DecompileCallback)  
WARN  Decompiling 0009e1d8, pcode error at 0009e1d8: Unable to disassemble EXTERNAL block location: 0009e1d8 (DecompileCallback)  
WARN  Decompiling 0009e1dc, pcode error at 0009e1dc: Unable to disassemble EXTERNAL block location: 0009e1dc (DecompileCallback)  
WARN  Decompiling 0009e1e0, pcode error at 0009e1e0: Unable to disassemble EXTERNAL block location: 0009e1e0 (DecompileCallback)  
WARN  Decompiling 0009e1e8, pcode error at 0009e1e8: Unable to disassemble EXTERNAL block location: 0009e1e8 (DecompileCallback)  
WARN  Decompiling 0009e1ec, pcode error at 0009e1ec: Unable to disassemble EXTERNAL block location: 0009e1ec (DecompileCallback)  
WARN  Decompiling 0009e1f0, pcode error at 0009e1f0: Unable to disassemble EXTERNAL block location: 0009e1f0 (DecompileCallback)  
WARN  Decompiling 0009e1f4, pcode error at 0009e1f4: Unable to disassemble EXTERNAL block location: 0009e1f4 (DecompileCallback)  
WARN  Decompiling 0009e1f8, pcode error at 0009e1f8: Unable to disassemble EXTERNAL block location: 0009e1f8 (DecompileCallback)  
WARN  Decompiling 0009e1fc, pcode error at 0009e1fc: Unable to disassemble EXTERNAL block location: 0009e1fc (DecompileCallback)  
WARN  Decompiling 0009e200, pcode error at 0009e200: Unable to disassemble EXTERNAL block location: 0009e200 (DecompileCallback)  
WARN  Decompiling 0009e204, pcode error at 0009e204: Unable to disassemble EXTERNAL block location: 0009e204 (DecompileCallback)  
INFO  ExportNative.java> Export complete: 1527 functions, 0 failures (GhidraScript)  
INFO  ANALYZING changes made by post scripts: file://<workspace>/decoded/lib/x86/libdbgengine.so (HeadlessAnalyzer)  
INFO  REPORT: Post-analysis succeeded for file: file://<workspace>/decoded/lib/x86/libdbgengine.so (HeadlessAnalyzer)  
INFO  /libdbgengine.so: file created (local-user) (LocalFileSystem)  
INFO  REPORT: Save succeeded for: /libdbgengine.so (BeachEngine:/libdbgengine.so) (HeadlessAnalyzer)  
INFO  REPORT: Import succeeded (HeadlessAnalyzer)  
