-- The C compiler identification is GNU 16.2.1
-- The CXX compiler identification is GNU 16.2.1
-- Detecting C compiler ABI info
-- Detecting C compiler ABI info - done
-- Check for working C compiler: /usr/bin/cc - skipped
-- Detecting C compile features
-- Detecting C compile features - done
-- Detecting CXX compiler ABI info
-- Detecting CXX compiler ABI info - done
-- Check for working CXX compiler: /usr/bin/c++ - skipped
-- Detecting CXX compile features
-- Detecting CXX compile features - done
Install prefix    /usr/local
binary directory  /usr/local/bin
library directory /usr/local/lib
libexec directory /usr/local/libexec
include directory /usr/local/include
config directory  /usr/local/etc
local state directory   /usr/local/var
ELF interp prefix /usr/gnemul/qemu-%M
Build directory   <workspace>/build/port-host
Source path       <workspace>/tools/unicorn/qemu
GIT binary        git
GIT submodules    
C compiler        /usr/bin/cc
Host C compiler   cc
C++ compiler      /usr/bin/c++
Objective-C compiler clang
ARFLAGS           rv
CFLAGS            -g 
QEMU_CFLAGS       -fPIE -DPIE -m64 -mcx16 -D_GNU_SOURCE -D_FILE_OFFSET_BITS=64 -D_LARGEFILE_SOURCE -Wstrict-prototypes -Wredundant-decls -Wall -Wundef -Wwrite-strings -Wmissing-prototypes -fno-strict-aliasing -fno-common -fwrapv -std=gnu99  -DUNICORN_HAS_ARM -fPIC -Wexpansion-to-defined -Wendif-labels -Wno-shift-negative-value -Wno-missing-include-dirs -Wempty-body -Wnested-externs -Wformat-security -Wformat-y2k -Winit-self -Wignored-qualifiers -Wold-style-declaration -Wold-style-definition -Wtype-limits -fstack-protector-strong
QEMU_LDFLAGS      -Wl,--warn-common -Wl,-z,relro -Wl,-z,now -pie -m64  -DUNICORN_HAS_ARM -fPIC -fstack-protector-strong
make              make
install           install
host CPU          x86_64
host big endian   no
target list       arm-softmmu   
strip binaries    yes
static build      no
mingw32 support   no
PIE               yes
TCG support       yes
malloc trim support yes
membarrier        no
madvise           yes
posix_madvise     yes
posix_memalign    yes
debug stack usage no
tcmalloc support  no
jemalloc support  no
avx2 optimization yes
avx512f optimization no
-- Configuring done (2.7s)
-- Generating done (0.0s)
-- Build files have been written to: <workspace>/build/port-host
